Archive member included to satisfy reference by file (symbol)

c:/st/stm32cubeide_1.7.0/stm32cubeide/plugins/com.st.stm32cube.ide.mcu.externaltools.gnu-tools-for-stm32.9-2020-q2-update.win32_2.0.0.202105311346/tools/bin/../lib/gcc/arm-none-eabi/9.3.1/../../../../arm-none-eabi/lib/thumb/v7e-m+fp/hard\libc_nano.a(lib_a-errno.o)
                              ./Core/Src/syscalls.o (__errno)
c:/st/stm32cubeide_1.7.0/stm32cubeide/plugins/com.st.stm32cube.ide.mcu.externaltools.gnu-tools-for-stm32.9-2020-q2-update.win32_2.0.0.202105311346/tools/bin/../lib/gcc/arm-none-eabi/9.3.1/../../../../arm-none-eabi/lib/thumb/v7e-m+fp/hard\libc_nano.a(lib_a-exit.o)
                              c:/st/stm32cubeide_1.7.0/stm32cubeide/plugins/com.st.stm32cube.ide.mcu.externaltools.gnu-tools-for-stm32.9-2020-q2-update.win32_2.0.0.202105311346/tools/bin/../lib/gcc/arm-none-eabi/9.3.1/../../../../arm-none-eabi/lib/thumb/v7e-m+fp/hard/crt0.o (exit)
c:/st/stm32cubeide_1.7.0/stm32cubeide/plugins/com.st.stm32cube.ide.mcu.externaltools.gnu-tools-for-stm32.9-2020-q2-update.win32_2.0.0.202105311346/tools/bin/../lib/gcc/arm-none-eabi/9.3.1/../../../../arm-none-eabi/lib/thumb/v7e-m+fp/hard\libc_nano.a(lib_a-impure.o)
                              c:/st/stm32cubeide_1.7.0/stm32cubeide/plugins/com.st.stm32cube.ide.mcu.externaltools.gnu-tools-for-stm32.9-2020-q2-update.win32_2.0.0.202105311346/tools/bin/../lib/gcc/arm-none-eabi/9.3.1/../../../../arm-none-eabi/lib/thumb/v7e-m+fp/hard\libc_nano.a(lib_a-exit.o) (_global_impure_ptr)
c:/st/stm32cubeide_1.7.0/stm32cubeide/plugins/com.st.stm32cube.ide.mcu.externaltools.gnu-tools-for-stm32.9-2020-q2-update.win32_2.0.0.202105311346/tools/bin/../lib/gcc/arm-none-eabi/9.3.1/../../../../arm-none-eabi/lib/thumb/v7e-m+fp/hard\libc_nano.a(lib_a-init.o)
                              c:/st/stm32cubeide_1.7.0/stm32cubeide/plugins/com.st.stm32cube.ide.mcu.externaltools.gnu-tools-for-stm32.9-2020-q2-update.win32_2.0.0.202105311346/tools/bin/../lib/gcc/arm-none-eabi/9.3.1/../../../../arm-none-eabi/lib/thumb/v7e-m+fp/hard/crt0.o (__libc_init_array)
c:/st/stm32cubeide_1.7.0/stm32cubeide/plugins/com.st.stm32cube.ide.mcu.externaltools.gnu-tools-for-stm32.9-2020-q2-update.win32_2.0.0.202105311346/tools/bin/../lib/gcc/arm-none-eabi/9.3.1/../../../../arm-none-eabi/lib/thumb/v7e-m+fp/hard\libc_nano.a(lib_a-memset.o)
                              c:/st/stm32cubeide_1.7.0/stm32cubeide/plugins/com.st.stm32cube.ide.mcu.externaltools.gnu-tools-for-stm32.9-2020-q2-update.win32_2.0.0.202105311346/tools/bin/../lib/gcc/arm-none-eabi/9.3.1/../../../../arm-none-eabi/lib/thumb/v7e-m+fp/hard/crt0.o (memset)
c:/st/stm32cubeide_1.7.0/stm32cubeide/plugins/com.st.stm32cube.ide.mcu.externaltools.gnu-tools-for-stm32.9-2020-q2-update.win32_2.0.0.202105311346/tools/bin/../lib/gcc/arm-none-eabi/9.3.1/../../../../arm-none-eabi/lib/thumb/v7e-m+fp/hard\libc_nano.a(lib_a-strlen.o)
                              ./Core/Src/lcd.o (strlen)
c:/st/stm32cubeide_1.7.0/stm32cubeide/plugins/com.st.stm32cube.ide.mcu.externaltools.gnu-tools-for-stm32.9-2020-q2-update.win32_2.0.0.202105311346/tools/bin/../lib/gcc/arm-none-eabi/9.3.1/../../../../arm-none-eabi/lib/thumb/v7e-m+fp/hard\libm.a(lib_a-w_sqrt.o)
                              ./Core/Src/touch.o (sqrt)
c:/st/stm32cubeide_1.7.0/stm32cubeide/plugins/com.st.stm32cube.ide.mcu.externaltools.gnu-tools-for-stm32.9-2020-q2-update.win32_2.0.0.202105311346/tools/bin/../lib/gcc/arm-none-eabi/9.3.1/../../../../arm-none-eabi/lib/thumb/v7e-m+fp/hard\libm.a(lib_a-e_sqrt.o)
                              c:/st/stm32cubeide_1.7.0/stm32cubeide/plugins/com.st.stm32cube.ide.mcu.externaltools.gnu-tools-for-stm32.9-2020-q2-update.win32_2.0.0.202105311346/tools/bin/../lib/gcc/arm-none-eabi/9.3.1/../../../../arm-none-eabi/lib/thumb/v7e-m+fp/hard\libm.a(lib_a-w_sqrt.o) (__ieee754_sqrt)
c:/st/stm32cubeide_1.7.0/stm32cubeide/plugins/com.st.stm32cube.ide.mcu.externaltools.gnu-tools-for-stm32.9-2020-q2-update.win32_2.0.0.202105311346/tools/bin/../lib/gcc/arm-none-eabi/9.3.1/../../../../arm-none-eabi/lib/thumb/v7e-m+fp/hard\libm.a(lib_a-s_lib_ver.o)
                              c:/st/stm32cubeide_1.7.0/stm32cubeide/plugins/com.st.stm32cube.ide.mcu.externaltools.gnu-tools-for-stm32.9-2020-q2-update.win32_2.0.0.202105311346/tools/bin/../lib/gcc/arm-none-eabi/9.3.1/../../../../arm-none-eabi/lib/thumb/v7e-m+fp/hard\libm.a(lib_a-w_sqrt.o) (__fdlib_version)
c:/st/stm32cubeide_1.7.0/stm32cubeide/plugins/com.st.stm32cube.ide.mcu.externaltools.gnu-tools-for-stm32.9-2020-q2-update.win32_2.0.0.202105311346/tools/bin/../lib/gcc/arm-none-eabi/9.3.1/thumb/v7e-m+fp/hard\libgcc.a(_arm_muldf3.o)
                              ./Core/Src/sensor.o (__aeabi_dmul)
c:/st/stm32cubeide_1.7.0/stm32cubeide/plugins/com.st.stm32cube.ide.mcu.externaltools.gnu-tools-for-stm32.9-2020-q2-update.win32_2.0.0.202105311346/tools/bin/../lib/gcc/arm-none-eabi/9.3.1/thumb/v7e-m+fp/hard\libgcc.a(_arm_addsubdf3.o)
[...]
Memory Configuration

Name             Origin             Length             Attributes
CCMRAM           0x0000000010000000 0x0000000000010000 xrw
RAM              0x0000000020000000 0x0000000000020000 xrw
FLASH            0x0000000008000000 0x0000000000100000 xr
*default*        0x0000000000000000 0xffffffffffffffff

Linker script and memory map

LOAD c:/st/stm32cubeide_1.7.0/stm32cubeide/plugins/com.st.stm32cube.ide.mcu.externaltools.gnu-tools-for-stm32.9-2020-q2-update.win32_2.0.0.202105311346/tools/bin/../lib/gcc/arm-none-eabi/9.3.1/thumb/v7e-m+fp/hard/crti.o
LOAD c:/st/stm32cubeide_1.7.0/stm32cubeide/plugins/com.st.stm32cube.ide.mcu.externaltools.gnu-tools-for-stm32.9-2020-q2-update.win32_2.0.0.202105311346/tools/bin/../lib/gcc/arm-none-eabi/9.3.1/thumb/v7e-m+fp/hard/crtbegin.o
LOAD c:/st/stm32cubeide_1.7.0/stm32cubeide/plugins/com.st.stm32cube.ide.mcu.externaltools.gnu-tools-for-stm32.9-2020-q2-update.win32_2.0.0.202105311346/tools/bin/../lib/gcc/arm-none-eabi/9.3.1/../../../../arm-none-eabi/lib/thumb/v7e-m+fp/hard/crt0.o
LOAD ./Core/Src/adc.o
LOAD ./Core/Src/at24c.o
LOAD ./Core/Src/button.o
LOAD ./Core/Src/buzzer.o
LOAD ./Core/Src/dma.o
LOAD ./Core/Src/ds3231.o
LOAD ./Core/Src/fsm_snake.o
LOAD ./Core/Src/fsmc.o
LOAD ./Core/Src/gpio.o
LOAD ./Core/Src/i2c.o
LOAD ./Core/Src/lcd.o
LOAD ./Core/Src/led_7seg.o
LOAD ./Core/Src/main.o
LOAD ./Core/Src/picture.o
LOAD ./Core/Src/sensor.o
LOAD ./Core/Src/software_timer.o
LOAD ./Core/Src/spi.o
LOAD ./Core/Src/stm32f4xx_hal_msp.o
LOAD ./Core/Src/stm32f4xx_it.o
LOAD ./Core/Src/syscalls.o
LOAD ./Core/Src/sysmem.o
LOAD ./Core/Src/system_stm32f4xx.o
LOAD ./Core/Src/tim.o
LOAD ./Core/Src/touch.o
LOAD ./Core/Src/utils.o
LOAD ./Core/Startup/startup_stm32f407zetx.o
LOAD ./Drivers/STM32F4xx_HAL_Driver/Src/stm32f4xx_hal.o
LOAD ./Drivers/STM32F4xx_HAL_Driver/Src/stm32f4xx_hal_adc.o
LOAD ./Drivers/STM32F4xx_HAL_Driver/Src/stm32f4xx_hal_adc_ex.o
LOAD ./Drivers/STM32F4xx_HAL_Driver/Src/stm32f4xx_hal_cortex.o
LOAD ./Drivers/STM32F4xx_HAL_Driver/Src/stm32f4xx_hal_dma.o
LOAD ./Drivers/STM32F4xx_HAL_Driver/Src/stm32f4xx_hal_dma_ex.o
LOAD ./Drivers/STM32F4xx_HAL_Driver/Src/stm32f4xx_hal_exti.o
LOAD ./Drivers/STM32F4xx_HAL_Driver/Src/stm32f4xx_hal_flash.o
LOAD ./Drivers/STM32F4xx_HAL_Driver/Src/stm32f4xx_hal_flash_ex.o
LOAD ./Drivers/STM32F4xx_HAL_Driver/Src/stm32f4xx_hal_flash_ramfunc.o
LOAD ./Drivers/STM32F4xx_HAL_Driver/Src/stm32f4xx_hal_gpio.o
LOAD ./Drivers/STM32F4xx_HAL_Driver/Src/stm32f4xx_hal_i2c.o
LOAD ./Drivers/STM32F4xx_HAL_Driver/Src/stm32f4xx_hal_i2c_ex.o
LOAD ./Drivers/STM32F4xx_HAL_Driver/Src/stm32f4xx_hal_pwr.o
LOAD ./Drivers/STM32F4xx_HAL_Driver/Src/stm32f4xx_hal_pwr_ex.o
LOAD ./Drivers/STM32F4xx_HAL_Driver/Src/stm32f4xx_hal_rcc.o
LOAD ./Drivers/STM32F4xx_HAL_Driver/Src/stm32f4xx_hal_rcc_ex.o
LOAD ./Drivers/STM32F4xx_HAL_Driver/Src/stm32f4xx_hal_spi.o
LOAD ./Drivers/STM32F4xx_HAL_Driver/Src/stm32f4xx_hal_sram.o
LOAD ./Drivers/STM32F4xx_HAL_Driver/Src/stm32f4xx_hal_tim.o
LOAD ./Drivers/STM32F4xx_HAL_Driver/Src/stm32f4xx_hal_tim_ex.o
LOAD ./Drivers/STM32F4xx_HAL_Driver/Src/stm32f4xx_ll_adc.o
LOAD ./Drivers/STM32F4xx_HAL_Driver/Src/stm32f4xx_ll_fsmc.o
START GROUP
LOAD c:/st/stm32cubeide_1.7.0/stm32cubeide/plugins/com.st.stm32cube.ide.mcu.externaltools.gnu-tools-for-stm32.9-2020-q2-update.win32_2.0.0.202105311346/tools/bin/../lib/gcc/arm-none-eabi/9.3.1/../../../../arm-none-eabi/lib/thumb/v7e-m+fp/hard\libc_nano.a
LOAD c:/st/stm32cubeide_1.7.0/stm32cubeide/plugins/com.st.stm32cube.ide.mcu.externaltools.gnu-tools-for-stm32.9-2020-q2-update.win32_2.0.0.202105311346/tools/bin/../lib/gcc/arm-none-eabi/9.3.1/../../../../arm-none-eabi/lib/thumb/v7e-m+fp/hard\libm.a
END GROUP
START GROUP
LOAD c:/st/stm32cubeide_1.7.0/stm32cubeide/plugins/com.st.stm32cube.ide.mcu.externaltools.gnu-tools-for-stm32.9-2020-q2-update.win32_2.0.0.202105311346/tools/bin/../lib/gcc/arm-none-eabi/9.3.1/thumb/v7e-m+fp/hard\libgcc.a
LOAD c:/st/stm32cubeide_1.7.0/stm32cubeide/plugins/com.st.stm32cube.ide.mcu.externaltools.gnu-tools-for-stm32.9-2020-q2-update.win32_2.0.0.202105311346/tools/bin/../lib/gcc/arm-none-eabi/9.3.1/../../../../arm-none-eabi/lib/thumb/v7e-m+fp/hard\libc_nano.a
END GROUP
START GROUP
LOAD c:/st/stm32cubeide_1.7.0/stm32cubeide/plugins/com.st.stm32cube.ide.mcu.externaltools.gnu-tools-for-stm32.9-2020-q2-update.win32_2.0.0.202105311346/tools/bin/../lib/gcc/arm-none-eabi/9.3.1/thumb/v7e-m+fp/hard\libgcc.a
LOAD c:/st/stm32cubeide_1.7.0/stm32cubeide/plugins/com.st.stm32cube.ide.mcu.externaltools.gnu-tools-for-stm32.9-2020-q2-update.win32_2.0.0.202105311346/tools/bin/../lib/gcc/arm-none-eabi/9.3.1/../../../../arm-none-eabi/lib/thumb/v7e-m+fp/hard\libc_nano.a
LOAD c:/st/stm32cubeide_1.7.0/stm32cubeide/plugins/com.st.stm32cube.ide.mcu.externaltools.gnu-tools-for-stm32.9-2020-q2-update.win32_2.0.0.202105311346/tools/bin/../lib/gcc/arm-none-eabi/9.3.1/../../../../arm-none-eabi/lib/thumb/v7e-m+fp/hard\libnosys.a
END GROUP
START GROUP
LOAD c:/st/stm32cubeide_1.7.0/stm32cubeide/plugins/com.st.stm32cube.ide.mcu.externaltools.gnu-tools-for-stm32.9-2020-q2-update.win32_2.0.0.202105311346/tools/bin/../lib/gcc/arm-none-eabi/9.3.1/thumb/v7e-m+fp/hard\libgcc.a
LOAD c:/st/stm32cubeide_1.7.0/stm32cubeide/plugins/com.st.stm32cube.ide.mcu.externaltools.gnu-tools-for-stm32.9-2020-q2-update.win32_2.0.0.202105311346/tools/bin/../lib/gcc/arm-none-eabi/9.3.1/../../../../arm-none-eabi/lib/thumb/v7e-m+fp/hard\libc_nano.a
LOAD c:/st/stm32cubeide_1.7.0/stm32cubeide/plugins/com.st.stm32cube.ide.mcu.externaltools.gnu-tools-for-stm32.9-2020-q2-update.win32_2.0.0.202105311346/tools/bin/../lib/gcc/arm-none-eabi/9.3.1/../../../../arm-none-eabi/lib/thumb/v7e-m+fp/hard\libnosys.a
END GROUP
LOAD c:/st/stm32cubeide_1.7.0/stm32cubeide/plugins/com.st.stm32cube.ide.mcu.externaltools.gnu-tools-for-stm32.9-2020-q2-update.win32_2.0.0.202105311346/tools/bin/../lib/gcc/arm-none-eabi/9.3.1/thumb/v7e-m+fp/hard/crtend.o
LOAD c:/st/stm32cubeide_1.7.0/stm32cubeide/plugins/com.st.stm32cube.ide.mcu.externaltools.gnu-tools-for-stm32.9-2020-q2-update.win32_2.0.0.202105311346/tools/bin/../lib/gcc/arm-none-eabi/9.3.1/thumb/v7e-m+fp/hard/crtn.o
                0x0000000020020000                _estack = (ORIGIN (RAM) + LENGTH (RAM))
                0x0000000000000200                _Min_Heap_Size = 0x200
                0x0000000000000400                _Min_Stack_Size = 0x400

.isr_vector     0x0000000008000000      0x188
                0x0000000008000000                . = ALIGN (0x4)
 *(.isr_vector)
 .isr_vector    0x0000000008000000      0x188 ./Core/Startup/startup_stm32f407zetx.o
                0x0000000008000000                g_pfnVectors
                0x0000000008000188                . = ALIGN (0x4)

.text           0x0000000008000188     0x78cc
                0x0000000008000188                . = ALIGN (0x4)
 *(.text)
 .text          0x0000000008000188       0x40 c:/st/stm32cubeide_1.7.0/stm32cubeide/plugins/com.st.stm32cube.ide.mcu.externaltools.gnu-tools-for-stm32.9-2020-q2-update.win32_2.0.0.202105311346/tools/bin/../lib/gcc/arm-none-eabi/9.3.1/thumb/v7e-m+fp/hard/crtbegin.o
 .text          0x00000000080001c8      0x378 c:/st/stm32cubeide_1.7.0/stm32cubeide/plugins/com.st.stm32cube.ide.mcu.externaltools.gnu-tools-for-stm32.9-2020-q2-update.win32_2.0.0.202105311346/tools/bin/../lib/gcc/arm-none-eabi/9.3.1/thumb/v7e-m+fp/hard\libgcc.a(_arm_addsubdf3.o)
                0x00000000080001c8                __aeabi_drsub
                0x00000000080001d0                __aeabi_dsub
                0x00000000080001d0                __subdf3
                0x00000000080001d4                __aeabi_dadd
                0x00000000080001d4                __adddf3
                0x000000000800044c                __floatunsidf
                0x000000000800044c                __aeabi_ui2d
                0x000000000800046c                __floatsidf
                0x000000000800046c                __aeabi_i2d
                0x0000000008000490                __aeabi_f2d
                0x0000000008000490                __extendsfdf2
                0x00000000080004d4                __floatundidf
                0x00000000080004d4                __aeabi_ul2d
                0x00000000080004e4                __floatdidf
                0x00000000080004e4                __aeabi_l2d
 .text          0x0000000008000540      0x424 c:/st/stm32cubeide_1.7.0/stm32cubeide/plugins/com.st.stm32cube.ide.mcu.externaltools.gnu-tools-for-stm32.9-2020-q2-update.win32_2.0.0.202105311346/tools/bin/../lib/gcc/arm-none-eabi/9.3.1/thumb/v7e-m+fp/hard\libgcc.a(_arm_muldivdf3.o)
                0x0000000008000540                __aeabi_dmul
                0x0000000008000540                __muldf3
                0x0000000008000794                __divdf3
                0x0000000008000794                __aeabi_ddiv
 .text          0x0000000008000964      0x110 c:/st/stm32cubeide_1.7.0/stm32cubeide/plugins/com.st.stm32cube.ide.mcu.externaltools.gnu-tools-for-stm32.9-2020-q2-update.win32_2.0.0.202105311346/tools/bin/../lib/gcc/arm-none-eabi/9.3.1/thumb/v7e-m+fp/hard\libgcc.a(_arm_cmpdf2.o)
                0x0000000008000964                __gtdf2
                0x0000000008000964                __gedf2
                0x000000000800096c                __ltdf2
                0x000000000800096c                __ledf2
                0x0000000008000974                __nedf2
                0x0000000008000974                __eqdf2
                0x0000000008000974                __cmpdf2
                0x00000000080009f0                __aeabi_cdrcmple
                0x0000000008000a00                __aeabi_cdcmpeq
                0x0000000008000a00                __aeabi_cdcmple
                0x0000000008000a10                __aeabi_dcmpeq
                0x0000000008000a24                __aeabi_dcmplt
                0x0000000008000a38                __aeabi_dcmple
                0x0000000008000a4c                __aeabi_dcmpge
                0x0000000008000a60                __aeabi_dcmpgt
 .text          0x0000000008000a74       0x2c c:/st/stm32cubeide_1.7.0/stm32cubeide/plugins/com.st.stm32cube.ide.mcu.externaltools.gnu-tools-for-stm32.9-2020-q2-update.win32_2.0.0.202105311346/tools/bin/../lib/gcc/arm-none-eabi/9.3.1/thumb/v7e-m+fp/hard\libgcc.a(_arm_unorddf2.o)
                0x0000000008000a74                __unorddf2
                0x0000000008000a74                __aeabi_dcmpun
 .text          0x0000000008000aa0       0x40 c:/st/stm32cubeide_1.7.0/stm32cubeide/plugins/com.st.stm32cube.ide.mcu.externaltools.gnu-tools-for-stm32.9-2020-q2-update.win32_2.0.0.202105311346/tools/bin/../lib/gcc/arm-none-eabi/9.3.1/thumb/v7e-m+fp/hard\libgcc.a(_arm_fixunsdfsi.o)
                0x0000000008000aa0                __aeabi_d2uiz
                0x0000000008000aa0                __fixunsdfsi
 .text          0x0000000008000ae0       0x30 c:/st/stm32cubeide_1.7.0/stm32cubeide/plugins/com.st.stm32cube.ide.mcu.externaltools.gnu-tools-for-stm32.9-2020-q2-update.win32_2.0.0.202105311346/tools/bin/../lib/gcc/arm-none-eabi/9.3.1/thumb/v7e-m+fp/hard\libgcc.a(_aeabi_uldivmod.o)
                0x0000000008000ae0                __aeabi_uldivmod
 .text          0x0000000008000b10      0x2c4 c:/st/stm32cubeide_1.7.0/stm32cubeide/plugins/com.st.stm32cube.ide.mcu.externaltools.gnu-tools-for-stm32.9-2020-q2-update.win32_2.0.0.202105311346/tools/bin/../lib/gcc/arm-none-eabi/9.3.1/thumb/v7e-m+fp/hard\libgcc.a(_udivmoddi4.o)
                0x0000000008000b10                __udivmoddi4
 .text          0x0000000008000dd4        0x4 c:/st/stm32cubeide_1.7.0/stm32cubeide/plugins/com.st.stm32cube.ide.mcu.externaltools.gnu-tools-for-stm32.9-2020-q2-update.win32_2.0.0.202105311346/tools/bin/../lib/gcc/arm-none-eabi/9.3.1/thumb/v7e-m+fp/hard\libgcc.a(_dvmd_tls.o)
                0x0000000008000dd4                __aeabi_idiv0
                0x0000000008000dd4                __aeabi_ldiv0
 *(.text*)
 .text.MX_ADC1_Init
                0x0000000008000dd8      0x114 ./Core/Src/adc.o
                0x0000000008000dd8                MX_ADC1_Init
 .text.HAL_ADC_MspInit
                0x0000000008000eec      0x128 ./Core/Src/adc.o
                0x0000000008000eec                HAL_ADC_MspInit
 .text.at24c_init
                0x0000000008001014        0xc ./Core/Src/at24c.o
                0x0000000008001014                at24c_init
 .text.at24c_ReadOneByte
                0x0000000008001020       0x38 ./Core/Src/at24c.o
                0x0000000008001020                at24c_ReadOneByte
 .text.at24c_WriteOneByte
                0x0000000008001058       0x3c ./Core/Src/at24c.o
                0x0000000008001058                at24c_WriteOneByte
 .text.at24c_Check
                0x0000000008001094       0x46 ./Core/Src/at24c.o
 .text.at24c_Read
                0x00000000080010da       0x3e ./Core/Src/at24c.o
                0x00000000080010da                at24c_Read
 .text.at24c_Write
                0x0000000008001118       0x40 ./Core/Src/at24c.o
                0x0000000008001118                at24c_Write
 .text.button_init
                0x0000000008001158       0x18 ./Core/Src/button.o
                0x0000000008001158                button_init
 .text.MX_DMA_Init
                0x0000000008001170       0x40 ./Core/Src/dma.o
                0x0000000008001170                MX_DMA_Init
 .text.MX_FSMC_Init
                0x00000000080011b0       0xf4 ./Core/Src/fsmc.o
                0x00000000080011b0                MX_FSMC_Init
 .text.HAL_FSMC_MspInit
                0x00000000080012a4       0x98 ./Core/Src/fsmc.o
 .text.HAL_SRAM_MspInit
                0x000000000800133c       0x14 ./Core/Src/fsmc.o
                0x000000000800133c                HAL_SRAM_MspInit
 .text.MX_GPIO_Init
                0x0000000008001350      0x22c ./Core/Src/gpio.o
                0x0000000008001350                MX_GPIO_Init
 .text.MX_I2C1_Init
                0x000000000800157c       0x5c ./Core/Src/i2c.o
                0x000000000800157c                MX_I2C1_Init
 .text.HAL_I2C_MspInit
                0x00000000080015d8       0x90 ./Core/Src/i2c.o
                0x00000000080015d8                HAL_I2C_MspInit
 .text.LCD_WR_REG
                0x0000000008001668       0x20 ./Core/Src/lcd.o
                0x0000000008001668                LCD_WR_REG
 .text.LCD_WR_DATA
                0x0000000008001688       0x20 ./Core/Src/lcd.o
 .text.LCD_RD_DATA
                0x00000000080016a8       0x24 ./Core/Src/lcd.o
 .text.lcd_AddressSet
                0x00000000080016cc       0x98 ./Core/Src/lcd.o
                0x00000000080016cc                lcd_AddressSet
 .text.lcd_Clear
                0x0000000008001764       0x64 ./Core/Src/lcd.o
                0x0000000008001764                lcd_Clear
 .text.lcd_Fill
                0x00000000080017c8       0x6c ./Core/Src/lcd.o
                0x00000000080017c8                lcd_Fill
 .text.lcd_DrawPoint
                0x0000000008001834       0x2e ./Core/Src/lcd.o
                0x0000000008001834                lcd_DrawPoint
 .text.lcd_DrawLine
                0x0000000008001862      0x108 ./Core/Src/lcd.o
                0x0000000008001862                lcd_DrawLine
 *fill*         0x000000000800196a        0x2 
 .text.lcd_ShowChar
                0x000000000800196c      0x1a0 ./Core/Src/lcd.o
                0x000000000800196c                lcd_ShowChar
 .text.lcd_SetDir
                0x0000000008001b0c       0x48 ./Core/Src/lcd.o
                0x0000000008001b0c                lcd_SetDir
 .text.lcd_init
                0x0000000008001b54      0x2c0 ./Core/Src/lcd.o
                0x0000000008001b54                lcd_init
 .text._draw_circle_8
                0x0000000008001e14      0x116 ./Core/Src/lcd.o
 .text.lcd_DrawCircle
                0x0000000008001f2a       0xd8 ./Core/Src/lcd.o
                0x0000000008001f2a                lcd_DrawCircle
 *fill*         0x0000000008002002        0x2 
 .text.lcd_ShowStr
                0x0000000008002004       0xc8 ./Core/Src/lcd.o
                0x0000000008002004                lcd_ShowStr
 .text.led7_Scan
                0x00000000080020cc      0x118 ./Core/Src/led_7seg.o
                0x00000000080020cc                led7_Scan
 .text.main     0x00000000080021e4       0x74 ./Core/Src/main.o
                0x00000000080021e4                main
 .text.SystemClock_Config
                0x0000000008002258       0xd4 ./Core/Src/main.o
                0x0000000008002258                SystemClock_Config
 .text.system_init
                0x000000000800232c       0x1e ./Core/Src/main.o
                0x000000000800232c                system_init
 .text.Error_Handler
                0x000000000800234a        0xa ./Core/Src/main.o
                0x000000000800234a                Error_Handler
 .text.timer_init
                0x0000000008002354       0x1c ./Core/Src/software_timer.o
                0x0000000008002354                timer_init
 .text.setTimer2
                0x0000000008002370       0x38 ./Core/Src/software_timer.o
                0x0000000008002370                setTimer2
 .text.HAL_TIM_PeriodElapsedCallback
                0x00000000080023a8       0xb8 ./Core/Src/software_timer.o
                0x00000000080023a8                HAL_TIM_PeriodElapsedCallback
 .text.delay_us
                0x0000000008002460       0x34 ./Core/Src/software_timer.o
                0x0000000008002460                delay_us
 .text.MX_SPI1_Init
                0x0000000008002494       0x6c ./Core/Src/spi.o
                0x0000000008002494                MX_SPI1_Init
 .text.HAL_SPI_MspInit
                0x0000000008002500       0x90 ./Core/Src/spi.o
                0x0000000008002500                HAL_SPI_MspInit
 .text.HAL_MspInit
                0x0000000008002590       0x50 ./Core/Src/stm32f4xx_hal_msp.o
                0x0000000008002590                HAL_MspInit
 .text.NMI_Handler
                0x00000000080025e0        0x6 ./Core/Src/stm32f4xx_it.o
                0x00000000080025e0                NMI_Handler
 .text.HardFault_Handler
                0x00000000080025e6        0x6 ./Core/Src/stm32f4xx_it.o
                0x00000000080025e6                HardFault_Handler
 .text.MemManage_Handler
                0x00000000080025ec        0x6 ./Core/Src/stm32f4xx_it.o
                0x00000000080025ec                MemManage_Handler
 .text.BusFault_Handler
                0x00000000080025f2        0x6 ./Core/Src/stm32f4xx_it.o
                0x00000000080025f2                BusFault_Handler
 .text.UsageFault_Handler
                0x00000000080025f8        0x6 ./Core/Src/stm32f4xx_it.o
                0x00000000080025f8                UsageFault_Handler
 .text.SVC_Handler
                0x00000000080025fe        0xe ./Core/Src/stm32f4xx_it.o
                0x00000000080025fe                SVC_Handler
 .text.DebugMon_Handler
                0x000000000800260c        0xe ./Core/Src/stm32f4xx_it.o
                0x000000000800260c                DebugMon_Handler
 .text.PendSV_Handler
                0x000000000800261a        0xe ./Core/Src/stm32f4xx_it.o
                0x000000000800261a                PendSV_Handler
 .text.SysTick_Handler
                0x0000000008002628        0xc ./Core/Src/stm32f4xx_it.o
                0x0000000008002628                SysTick_Handler
 .text.TIM2_IRQHandler
                0x0000000008002634       0x14 ./Core/Src/stm32f4xx_it.o
                0x0000000008002634                TIM2_IRQHandler
 .text.DMA2_Stream0_IRQHandler
                0x0000000008002648       0x14 ./Core/Src/stm32f4xx_it.o
                0x0000000008002648                DMA2_Stream0_IRQHandler
 .text.SystemInit
                0x000000000800265c       0x24 ./Core/Src/system_stm32f4xx.o
                0x000000000800265c                SystemInit
 .text.MX_TIM1_Init
                0x0000000008002680       0xa0 ./Core/Src/tim.o
                0x0000000008002680                MX_TIM1_Init
 .text.MX_TIM2_Init
                0x0000000008002720       0x98 ./Core/Src/tim.o
                0x0000000008002720                MX_TIM2_Init
 .text.MX_TIM13_Init
                0x00000000080027b8       0x9c ./Core/Src/tim.o
                0x00000000080027b8                MX_TIM13_Init
 .text.HAL_TIM_Base_MspInit
                0x0000000008002854       0xa4 ./Core/Src/tim.o
                0x0000000008002854                HAL_TIM_Base_MspInit
 .text.HAL_TIM_MspPostInit
                0x00000000080028f8       0x74 ./Core/Src/tim.o
                0x00000000080028f8                HAL_TIM_MspPostInit
 .text.TP_Write_Byte
                0x000000000800296c       0x78 ./Core/Src/touch.o
 .text.TP_Read_AD
                0x00000000080029e4       0xe0 ./Core/Src/touch.o
 .text.TP_Read_XOY
                0x0000000008002ac4      0x104 ./Core/Src/touch.o
 .text.TP_Read_XY
                0x0000000008002bc8       0x44 ./Core/Src/touch.o
 .text.TP_Read_XY2
                0x0000000008002c0c       0xc4 ./Core/Src/touch.o
 .text.TP_Drow_Touch_Point
                0x0000000008002cd0       0xae ./Core/Src/touch.o
 *fill*         0x0000000008002d7e        0x2 
 .text.TP_Scan  0x0000000008002d80      0x12c ./Core/Src/touch.o
 .text.TP_Save_Adjdata
                0x0000000008002eac       0x20 ./Core/Src/touch.o
 .text.TP_Get_Adjdata
                0x0000000008002ecc       0x38 ./Core/Src/touch.o
 *fill*         0x0000000008002f04        0x4 
 .text.touch_Adjust
                0x0000000008002f08      0x7ac ./Core/Src/touch.o
                0x0000000008002f08                touch_Adjust
 .text.touch_init
                0x00000000080036b4       0x20 ./Core/Src/touch.o
                0x00000000080036b4                touch_init
 .text.touch_Scan
                0x00000000080036d4       0x14 ./Core/Src/touch.o
                0x00000000080036d4                touch_Scan
 .text.touch_IsTouched
                0x00000000080036e8       0x24 ./Core/Src/touch.o
                0x00000000080036e8                touch_IsTouched
 .text.touch_GetX
                0x000000000800370c       0x18 ./Core/Src/touch.o
                0x000000000800370c                touch_GetX
 .text.touch_GetY
                0x0000000008003724       0x18 ./Core/Src/touch.o
                0x0000000008003724                touch_GetY
 .text.Reset_Handler
                0x000000000800373c       0x50 ./Core/Startup/startup_stm32f407zetx.o
                0x000000000800373c                Reset_Handler
 .text.Default_Handler
                0x000000000800378c        0x2 ./Core/Startup/startup_stm32f407zetx.o
                0x000000000800378c                RTC_Alarm_IRQHandler
                0x000000000800378c                HASH_RNG_IRQHandler
                0x000000000800378c                EXTI2_IRQHandler
                0x000000000800378c                TIM8_CC_IRQHandler
                0x000000000800378c                TIM1_CC_IRQHandler
                0x000000000800378c                DMA2_Stream5_IRQHandler
                0x000000000800378c                DMA1_Stream5_IRQHandler
                0x000000000800378c                PVD_IRQHandler
                0x000000000800378c                SDIO_IRQHandler
                0x000000000800378c                TAMP_STAMP_IRQHandler
                0x000000000800378c                CAN2_RX1_IRQHandler
                0x000000000800378c                EXTI3_IRQHandler
                0x000000000800378c                TIM8_TRG_COM_TIM14_IRQHandler
                0x000000000800378c                TIM1_UP_TIM10_IRQHandler
                0x000000000800378c                TIM8_UP_TIM13_IRQHandler
                0x000000000800378c                I2C3_ER_IRQHandler
                0x000000000800378c                EXTI0_IRQHandler
                0x000000000800378c                I2C2_EV_IRQHandler
                0x000000000800378c                DMA1_Stream2_IRQHandler
                0x000000000800378c                CAN1_RX0_IRQHandler
                0x000000000800378c                FPU_IRQHandler
                0x000000000800378c                OTG_HS_WKUP_IRQHandler
                0x000000000800378c                CAN2_SCE_IRQHandler
                0x000000000800378c                DMA2_Stream2_IRQHandler
                0x000000000800378c                SPI1_IRQHandler
                0x000000000800378c                TIM6_DAC_IRQHandler
                0x000000000800378c                TIM1_BRK_TIM9_IRQHandler
                0x000000000800378c                DCMI_IRQHandler
                0x000000000800378c                CAN2_RX0_IRQHandler
                0x000000000800378c                DMA2_Stream3_IRQHandler
                0x000000000800378c                USART6_IRQHandler
                0x000000000800378c                USART3_IRQHandler
                0x000000000800378c                CAN1_RX1_IRQHandler
                0x000000000800378c                UART5_IRQHandler
                0x000000000800378c                TIM4_IRQHandler
                0x000000000800378c                I2C1_EV_IRQHandler
                0x000000000800378c                DMA1_Stream6_IRQHandler
                0x000000000800378c                DMA1_Stream1_IRQHandler
                0x000000000800378c                UART4_IRQHandler
                0x000000000800378c                TIM3_IRQHandler
                0x000000000800378c                RCC_IRQHandler
                0x000000000800378c                TIM8_BRK_TIM12_IRQHandler
                0x000000000800378c                Default_Handler
                0x000000000800378c                EXTI15_10_IRQHandler
                0x000000000800378c                ADC_IRQHandler
                0x000000000800378c                DMA1_Stream7_IRQHandler
                0x000000000800378c                TIM7_IRQHandler
                0x000000000800378c                CAN2_TX_IRQHandler
                0x000000000800378c                TIM5_IRQHandler
                0x000000000800378c                DMA2_Stream7_IRQHandler
                0x000000000800378c                I2C3_EV_IRQHandler
                0x000000000800378c                EXTI9_5_IRQHandler
                0x000000000800378c                RTC_WKUP_IRQHandler
                0x000000000800378c                ETH_WKUP_IRQHandler
                0x000000000800378c                SPI2_IRQHandler
                0x000000000800378c                OTG_HS_EP1_IN_IRQHandler
                0x000000000800378c                DMA1_Stream0_IRQHandler
                0x000000000800378c                CAN1_TX_IRQHandler
                0x000000000800378c                EXTI4_IRQHandler
                0x000000000800378c                FSMC_IRQHandler
                0x000000000800378c                ETH_IRQHandler
                0x000000000800378c                OTG_HS_EP1_OUT_IRQHandler
                0x000000000800378c                WWDG_IRQHandler
                0x000000000800378c                OTG_FS_WKUP_IRQHandler
                0x000000000800378c                TIM1_TRG_COM_TIM11_IRQHandler
                0x000000000800378c                OTG_HS_IRQHandler
                0x000000000800378c                EXTI1_IRQHandler
                0x000000000800378c                USART2_IRQHandler
                0x000000000800378c                I2C2_ER_IRQHandler
                0x000000000800378c                DMA2_Stream1_IRQHandler
                0x000000000800378c                CAN1_SCE_IRQHandler
                0x000000000800378c                FLASH_IRQHandler
                0x000000000800378c                DMA2_Stream4_IRQHandler
                0x000000000800378c                USART1_IRQHandler
                0x000000000800378c                OTG_FS_IRQHandler
                0x000000000800378c                SPI3_IRQHandler
                0x000000000800378c                DMA1_Stream4_IRQHandler
                0x000000000800378c                I2C1_ER_IRQHandler
                0x000000000800378c                DMA2_Stream6_IRQHandler
                0x000000000800378c                DMA1_Stream3_IRQHandler
 *fill*         0x000000000800378e        0x2 
 .text.HAL_Init
                0x0000000008003790       0x44 ./Drivers/STM32F4xx_HAL_Driver/Src/stm32f4xx_hal.o
                0x0000000008003790                HAL_Init
 .text.HAL_InitTick
                0x00000000080037d4       0x60 ./Drivers/STM32F4xx_HAL_Driver/Src/stm32f4xx_hal.o
                0x00000000080037d4                HAL_InitTick
 .text.HAL_IncTick
                0x0000000008003834       0x28 ./Drivers/STM32F4xx_HAL_Driver/Src/stm32f4xx_hal.o
                0x0000000008003834                HAL_IncTick
 .text.HAL_GetTick
                0x000000000800385c       0x18 ./Drivers/STM32F4xx_HAL_Driver/Src/stm32f4xx_hal.o
                0x000000000800385c                HAL_GetTick
 .text.HAL_Delay
                0x0000000008003874       0x48 ./Drivers/STM32F4xx_HAL_Driver/Src/stm32f4xx_hal.o
                0x0000000008003874                HAL_Delay
 .text.HAL_ADC_Init
                0x00000000080038bc       0x86 ./Drivers/STM32F4xx_HAL_Driver/Src/stm32f4xx_hal_adc.o
                0x00000000080038bc                HAL_ADC_Init
 *fill*         0x0000000008003942        0x2 
 .text.HAL_ADC_ConfigChannel
                0x0000000008003944      0x244 ./Drivers/STM32F4xx_HAL_Driver/Src/stm32f4xx_hal_adc.o
                0x0000000008003944                HAL_ADC_ConfigChannel
 .text.ADC_Init
                0x0000000008003b88      0x1f8 ./Drivers/STM32F4xx_HAL_Driver/Src/stm32f4xx_hal_adc.o
 .text.__NVIC_SetPriorityGrouping
                0x0000000008003d80       0x48 ./Drivers/STM32F4xx_HAL_Driver/Src/stm32f4xx_hal_cortex.o
 .text.__NVIC_GetPriorityGrouping
                0x0000000008003dc8       0x1c ./Drivers/STM32F4xx_HAL_Driver/Src/stm32f4xx_hal_cortex.o
 .text.__NVIC_EnableIRQ
                0x0000000008003de4       0x3c ./Drivers/STM32F4xx_HAL_Driver/Src/stm32f4xx_hal_cortex.o
 .text.__NVIC_SetPriority
                0x0000000008003e20       0x54 ./Drivers/STM32F4xx_HAL_Driver/Src/stm32f4xx_hal_cortex.o
 .text.NVIC_EncodePriority
                0x0000000008003e74       0x66 ./Drivers/STM32F4xx_HAL_Driver/Src/stm32f4xx_hal_cortex.o
 *fill*         0x0000000008003eda        0x2 
 .text.SysTick_Config
                0x0000000008003edc       0x44 ./Drivers/STM32F4xx_HAL_Driver/Src/stm32f4xx_hal_cortex.o
 .text.HAL_NVIC_SetPriorityGrouping
                0x0000000008003f20       0x16 ./Drivers/STM32F4xx_HAL_Driver/Src/stm32f4xx_hal_cortex.o
                0x0000000008003f20                HAL_NVIC_SetPriorityGrouping
 .text.HAL_NVIC_SetPriority
                0x0000000008003f36       0x38 ./Drivers/STM32F4xx_HAL_Driver/Src/stm32f4xx_hal_cortex.o
                0x0000000008003f36                HAL_NVIC_SetPriority
 .text.HAL_NVIC_EnableIRQ
                0x0000000008003f6e       0x1c ./Drivers/STM32F4xx_HAL_Driver/Src/stm32f4xx_hal_cortex.o
                0x0000000008003f6e                HAL_NVIC_EnableIRQ
 .text.HAL_SYSTICK_Config
                0x0000000008003f8a       0x18 ./Drivers/STM32F4xx_HAL_Driver/Src/stm32f4xx_hal_cortex.o
                0x0000000008003f8a                HAL_SYSTICK_Config
 *fill*         0x0000000008003fa2        0x2 
 .text.HAL_DMA_Init
                0x0000000008003fa4      0x15c ./Drivers/STM32F4xx_HAL_Driver/Src/stm32f4xx_hal_dma.o
                0x0000000008003fa4                HAL_DMA_Init
 .text.HAL_DMA_IRQHandler
                0x0000000008004100      0x314 ./Drivers/STM32F4xx_HAL_Driver/Src/stm32f4xx_hal_dma.o
                0x0000000008004100                HAL_DMA_IRQHandler
 .text.DMA_CalcBaseAndBitshift
                0x0000000008004414       0x6c ./Drivers/STM32F4xx_HAL_Driver/Src/stm32f4xx_hal_dma.o
 .text.DMA_CheckFifoParam
                0x0000000008004480       0xf8 ./Drivers/STM32F4xx_HAL_Driver/Src/stm32f4xx_hal_dma.o
 .text.HAL_GPIO_Init
                0x0000000008004578      0x338 ./Drivers/STM32F4xx_HAL_Driver/Src/stm32f4xx_hal_gpio.o
                0x0000000008004578                HAL_GPIO_Init
 .text.HAL_GPIO_ReadPin
                0x00000000080048b0       0x30 ./Drivers/STM32F4xx_HAL_Driver/Src/stm32f4xx_hal_gpio.o
                0x00000000080048b0                HAL_GPIO_ReadPin
 .text.HAL_GPIO_WritePin
                0x00000000080048e0       0x32 ./Drivers/STM32F4xx_HAL_Driver/Src/stm32f4xx_hal_gpio.o
                0x00000000080048e0                HAL_GPIO_WritePin
 *fill*         0x0000000008004912        0x2 
 .text.HAL_I2C_Init
                0x0000000008004914      0x288 ./Drivers/STM32F4xx_HAL_Driver/Src/stm32f4xx_hal_i2c.o
                0x0000000008004914                HAL_I2C_Init
 .text.HAL_I2C_Mem_Write
                0x0000000008004b9c      0x1f4 ./Drivers/STM32F4xx_HAL_Driver/Src/stm32f4xx_hal_i2c.o
                0x0000000008004b9c                HAL_I2C_Mem_Write
 .text.HAL_I2C_Mem_Read
                0x0000000008004d90      0x44c ./Drivers/STM32F4xx_HAL_Driver/Src/stm32f4xx_hal_i2c.o
                0x0000000008004d90                HAL_I2C_Mem_Read
 .text.I2C_RequestMemoryWrite
                0x00000000080051dc      0x12c ./Drivers/STM32F4xx_HAL_Driver/Src/stm32f4xx_hal_i2c.o
 .text.I2C_RequestMemoryRead
                0x0000000008005308      0x1d0 ./Drivers/STM32F4xx_HAL_Driver/Src/stm32f4xx_hal_i2c.o
 .text.I2C_WaitOnFlagUntilTimeout
                0x00000000080054d8       0xae ./Drivers/STM32F4xx_HAL_Driver/Src/stm32f4xx_hal_i2c.o
 .text.I2C_WaitOnMasterAddressFlagUntilTimeout
                0x0000000008005586       0xfe ./Drivers/STM32F4xx_HAL_Driver/Src/stm32f4xx_hal_i2c.o
 .text.I2C_WaitOnTXEFlagUntilTimeout
                0x0000000008005684       0x82 ./Drivers/STM32F4xx_HAL_Driver/Src/stm32f4xx_hal_i2c.o
 .text.I2C_WaitOnBTFFlagUntilTimeout
                0x0000000008005706       0x82 ./Drivers/STM32F4xx_HAL_Driver/Src/stm32f4xx_hal_i2c.o
 .text.I2C_WaitOnRXNEFlagUntilTimeout
                0x0000000008005788       0xac ./Drivers/STM32F4xx_HAL_Driver/Src/stm32f4xx_hal_i2c.o
 .text.I2C_IsAcknowledgeFailed
                0x0000000008005834       0x5e ./Drivers/STM32F4xx_HAL_Driver/Src/stm32f4xx_hal_i2c.o
 *fill*         0x0000000008005892        0x2 
 .text.HAL_RCC_OscConfig
                0x0000000008005894      0x4f0 ./Drivers/STM32F4xx_HAL_Driver/Src/stm32f4xx_hal_rcc.o
                0x0000000008005894                HAL_RCC_OscConfig
 .text.HAL_RCC_ClockConfig
                0x0000000008005d84      0x1cc ./Drivers/STM32F4xx_HAL_Driver/Src/stm32f4xx_hal_rcc.o
                0x0000000008005d84                HAL_RCC_ClockConfig
 .text.HAL_RCC_GetSysClockFreq
                0x0000000008005f50      0x1c4 ./Drivers/STM32F4xx_HAL_Driver/Src/stm32f4xx_hal_rcc.o
                0x0000000008005f50                HAL_RCC_GetSysClockFreq
 .text.HAL_RCC_GetHCLKFreq
                0x0000000008006114       0x18 ./Drivers/STM32F4xx_HAL_Driver/Src/stm32f4xx_hal_rcc.o
                0x0000000008006114                HAL_RCC_GetHCLKFreq
 .text.HAL_RCC_GetPCLK1Freq
                0x000000000800612c       0x28 ./Drivers/STM32F4xx_HAL_Driver/Src/stm32f4xx_hal_rcc.o
                0x000000000800612c                HAL_RCC_GetPCLK1Freq
 .text.HAL_SPI_Init
                0x0000000008006154      0x112 ./Drivers/STM32F4xx_HAL_Driver/Src/stm32f4xx_hal_spi.o
                0x0000000008006154                HAL_SPI_Init
 .text.HAL_SPI_Transmit
                0x0000000008006266      0x278 ./Drivers/STM32F4xx_HAL_Driver/Src/stm32f4xx_hal_spi.o
                0x0000000008006266                HAL_SPI_Transmit
 *fill*         0x00000000080064de        0x2 
 .text.SPI_WaitFlagStateUntilTimeout
                0x00000000080064e0      0x110 ./Drivers/STM32F4xx_HAL_Driver/Src/stm32f4xx_hal_spi.o
 .text.SPI_EndRxTxTransaction
                0x00000000080065f0       0x84 ./Drivers/STM32F4xx_HAL_Driver/Src/stm32f4xx_hal_spi.o
 .text.HAL_SRAM_Init
                0x0000000008006674       0x88 ./Drivers/STM32F4xx_HAL_Driver/Src/stm32f4xx_hal_sram.o
                0x0000000008006674                HAL_SRAM_Init
 .text.HAL_TIM_Base_Init
                0x00000000080066fc       0x9e ./Drivers/STM32F4xx_HAL_Driver/Src/stm32f4xx_hal_tim.o
                0x00000000080066fc                HAL_TIM_Base_Init
 *fill*         0x000000000800679a        0x2 
 .text.HAL_TIM_Base_Start
                0x000000000800679c       0xd0 ./Drivers/STM32F4xx_HAL_Driver/Src/stm32f4xx_hal_tim.o
                0x000000000800679c                HAL_TIM_Base_Start
 .text.HAL_TIM_Base_Start_IT
                0x000000000800686c       0xe0 ./Drivers/STM32F4xx_HAL_Driver/Src/stm32f4xx_hal_tim.o
                0x000000000800686c                HAL_TIM_Base_Start_IT
 .text.HAL_TIM_PWM_Init
                0x000000000800694c       0x9e ./Drivers/STM32F4xx_HAL_Driver/Src/stm32f4xx_hal_tim.o
                0x000000000800694c                HAL_TIM_PWM_Init
 .text.HAL_TIM_PWM_MspInit
                0x00000000080069ea       0x14 ./Drivers/STM32F4xx_HAL_Driver/Src/stm32f4xx_hal_tim.o
                0x00000000080069ea                HAL_TIM_PWM_MspInit
 .text.HAL_TIM_IRQHandler
                0x00000000080069fe      0x210 ./Drivers/STM32F4xx_HAL_Driver/Src/stm32f4xx_hal_tim.o
                0x00000000080069fe                HAL_TIM_IRQHandler
 *fill*         0x0000000008006c0e        0x2 
 .text.HAL_TIM_PWM_ConfigChannel
                0x0000000008006c10      0x184 ./Drivers/STM32F4xx_HAL_Driver/Src/stm32f4xx_hal_tim.o
                0x0000000008006c10                HAL_TIM_PWM_ConfigChannel
 .text.HAL_TIM_ConfigClockSource
                0x0000000008006d94      0x18e ./Drivers/STM32F4xx_HAL_Driver/Src/stm32f4xx_hal_tim.o
                0x0000000008006d94                HAL_TIM_ConfigClockSource
 .text.HAL_TIM_OC_DelayElapsedCallback
                0x0000000008006f22       0x14 ./Drivers/STM32F4xx_HAL_Driver/Src/stm32f4xx_hal_tim.o
                0x0000000008006f22                HAL_TIM_OC_DelayElapsedCallback
 .text.HAL_TIM_IC_CaptureCallback
                0x0000000008006f36       0x14 ./Drivers/STM32F4xx_HAL_Driver/Src/stm32f4xx_hal_tim.o
                0x0000000008006f36                HAL_TIM_IC_CaptureCallback
 .text.HAL_TIM_PWM_PulseFinishedCallback
                0x0000000008006f4a       0x14 ./Drivers/STM32F4xx_HAL_Driver/Src/stm32f4xx_hal_tim.o
                0x0000000008006f4a                HAL_TIM_PWM_PulseFinishedCallback
 .text.HAL_TIM_TriggerCallback
                0x0000000008006f5e       0x14 ./Drivers/STM32F4xx_HAL_Driver/Src/stm32f4xx_hal_tim.o
                0x0000000008006f5e                HAL_TIM_TriggerCallback
 *fill*         0x0000000008006f72        0x2 
 .text.TIM_Base_SetConfig
                0x0000000008006f74      0x140 ./Drivers/STM32F4xx_HAL_Driver/Src/stm32f4xx_hal_tim.o
                0x0000000008006f74                TIM_Base_SetConfig
 .text.TIM_OC1_SetConfig
                0x00000000080070b4       0xe0 ./Drivers/STM32F4xx_HAL_Driver/Src/stm32f4xx_hal_tim.o
 .text.TIM_OC2_SetConfig
                0x0000000008007194       0xec ./Drivers/STM32F4xx_HAL_Driver/Src/stm32f4xx_hal_tim.o
                0x0000000008007194                TIM_OC2_SetConfig
 .text.TIM_OC3_SetConfig
                0x0000000008007280       0xe8 ./Drivers/STM32F4xx_HAL_Driver/Src/stm32f4xx_hal_tim.o
 .text.TIM_OC4_SetConfig
                0x0000000008007368       0xac ./Drivers/STM32F4xx_HAL_Driver/Src/stm32f4xx_hal_tim.o
 .text.TIM_TI1_ConfigInputStage
                0x0000000008007414       0x5e ./Drivers/STM32F4xx_HAL_Driver/Src/stm32f4xx_hal_tim.o
 .text.TIM_TI2_ConfigInputStage
                0x0000000008007472       0x60 ./Drivers/STM32F4xx_HAL_Driver/Src/stm32f4xx_hal_tim.o
 .text.TIM_ITRx_SetConfig
                0x00000000080074d2       0x36 ./Drivers/STM32F4xx_HAL_Driver/Src/stm32f4xx_hal_tim.o
 .text.TIM_ETR_SetConfig
                0x0000000008007508       0x40 ./Drivers/STM32F4xx_HAL_Driver/Src/stm32f4xx_hal_tim.o
                0x0000000008007508                TIM_ETR_SetConfig
 .text.HAL_TIMEx_MasterConfigSynchronization
                0x0000000008007548       0xf8 ./Drivers/STM32F4xx_HAL_Driver/Src/stm32f4xx_hal_tim_ex.o
                0x0000000008007548                HAL_TIMEx_MasterConfigSynchronization
 .text.HAL_TIMEx_CommutCallback
                0x0000000008007640       0x14 ./Drivers/STM32F4xx_HAL_Driver/Src/stm32f4xx_hal_tim_ex.o
                0x0000000008007640                HAL_TIMEx_CommutCallback
 .text.HAL_TIMEx_BreakCallback
                0x0000000008007654       0x14 ./Drivers/STM32F4xx_HAL_Driver/Src/stm32f4xx_hal_tim_ex.o
                0x0000000008007654                HAL_TIMEx_BreakCallback
 .text.FSMC_NORSRAM_Init
                0x0000000008007668       0xa4 ./Drivers/STM32F4xx_HAL_Driver/Src/stm32f4xx_ll_fsmc.o
                0x0000000008007668                FSMC_NORSRAM_Init
 .text.FSMC_NORSRAM_Timing_Init
                0x000000000800770c       0x7a ./Drivers/STM32F4xx_HAL_Driver/Src/stm32f4xx_ll_fsmc.o
                0x000000000800770c                FSMC_NORSRAM_Timing_Init
 *fill*         0x0000000008007786        0x2 
 .text.FSMC_NORSRAM_Extended_Timing_Init
                0x0000000008007788       0x80 ./Drivers/STM32F4xx_HAL_Driver/Src/stm32f4xx_ll_fsmc.o
                0x0000000008007788                FSMC_NORSRAM_Extended_Timing_Init
 .text.__errno  0x0000000008007808        0xc c:/st/stm32cubeide_1.7.0/stm32cubeide/plugins/com.st.stm32cube.ide.mcu.externaltools.gnu-tools-for-stm32.9-2020-q2-update.win32_2.0.0.202105311346/tools/bin/../lib/gcc/arm-none-eabi/9.3.1/../../../../arm-none-eabi/lib/thumb/v7e-m+fp/hard\libc_nano.a(lib_a-errno.o)
                0x0000000008007808                __errno
 .text.__libc_init_array
                0x0000000008007814       0x48 c:/st/stm32cubeide_1.7.0/stm32cubeide/plugins/com.st.stm32cube.ide.mcu.externaltools.gnu-tools-for-stm32.9-2020-q2-update.win32_2.0.0.202105311346/tools/bin/../lib/gcc/arm-none-eabi/9.3.1/../../../../arm-none-eabi/lib/thumb/v7e-m+fp/hard\libc_nano.a(lib_a-init.o)
                0x0000000008007814                __libc_init_array
 .text.memset   0x000000000800785c       0x10 c:/st/stm32cubeide_1.7.0/stm32cubeide/plugins/com.st.stm32cube.ide.mcu.externaltools.gnu-tools-for-stm32.9-2020-q2-update.win32_2.0.0.202105311346/tools/bin/../lib/gcc/arm-none-eabi/9.3.1/../../../../arm-none-eabi/lib/thumb/v7e-m+fp/hard\libc_nano.a(lib_a-memset.o)
                0x000000000800785c                memset
 .text.sqrt     0x000000000800786c       0x68 c:/st/stm32cubeide_1.7.0/stm32cubeide/plugins/com.st.stm32cube.ide.mcu.externaltools.gnu-tools-for-stm32.9-2020-q2-update.win32_2.0.0.202105311346/tools/bin/../lib/gcc/arm-none-eabi/9.3.1/../../../../arm-none-eabi/lib/thumb/v7e-m+fp/hard\libm.a(lib_a-w_sqrt.o)
                0x000000000800786c                sqrt
 .text.__ieee754_sqrt
                0x00000000080078d4      0x168 c:/st/stm32cubeide_1.7.0/stm32cubeide/plugins/com.st.stm32cube.ide.mcu.externaltools.gnu-tools-for-stm32.9-2020-q2-update.win32_2.0.0.202105311346/tools/bin/../lib/gcc/arm-none-eabi/9.3.1/../../../../arm-none-eabi/lib/thumb/v7e-m+fp/hard\libm.a(lib_a-e_sqrt.o)
                0x00000000080078d4                __ieee754_sqrt
 *(.glue_7)
 .glue_7        0x0000000008007a3c        0x0 linker stubs
 *(.glue_7t)
 .glue_7t       0x0000000008007a3c        0x0 linker stubs
 *(.eh_frame)
 .eh_frame      0x0000000008007a3c        0x0 c:/st/stm32cubeide_1.7.0/stm32cubeide/plugins/com.st.stm32cube.ide.mcu.externaltools.gnu-tools-for-stm32.9-2020-q2-update.win32_2.0.0.202105311346/tools/bin/../lib/gcc/arm-none-eabi/9.3.1/thumb/v7e-m+fp/hard/crtbegin.o
 *(.init)
 .init          0x0000000008007a3c        0x4 c:/st/stm32cubeide_1.7.0/stm32cubeide/plugins/com.st.stm32cube.ide.mcu.externaltools.gnu-tools-for-stm32.9-2020-q2-update.win32_2.0.0.202105311346/tools/bin/../lib/gcc/arm-none-eabi/9.3.1/thumb/v7e-m+fp/hard/crti.o
                0x0000000008007a3c                _init
 .init          0x0000000008007a40        0x8 c:/st/stm32cubeide_1.7.0/stm32cubeide/plugins/com.st.stm32cube.ide.mcu.externaltools.gnu-tools-for-stm32.9-2020-q2-update.win32_2.0.0.202105311346/tools/bin/../lib/gcc/arm-none-eabi/9.3.1/thumb/v7e-m+fp/hard/crtn.o
 *(.fini)
 .fini          0x0000000008007a48        0x4 c:/st/stm32cubeide_1.7.0/stm32cubeide/plugins/com.st.stm32cube.ide.mcu.externaltools.gnu-tools-for-stm32.9-2020-q2-update.win32_2.0.0.202105311346/tools/bin/../lib/gcc/arm-none-eabi/9.3.1/thumb/v7e-m+fp/hard/crti.o
                0x0000000008007a48                _fini
 .fini          0x0000000008007a4c        0x8 c:/st/stm32cubeide_1.7.0/stm32cubeide/plugins/com.st.stm32cube.ide.mcu.externaltools.gnu-tools-for-stm32.9-2020-q2-update.win32_2.0.0.202105311346/tools/bin/../lib/gcc/arm-none-eabi/9.3.1/thumb/v7e-m+fp/hard/crtn.o
                0x0000000008007a54                . = ALIGN (0x4)
                0x0000000008007a54                _etext = .

.vfp11_veneer   0x0000000008007a54        0x0
 .vfp11_veneer  0x0000000008007a54        0x0 linker stubs

.v4_bx          0x0000000008007a54        0x0
 .v4_bx         0x0000000008007a54        0x0 linker stubs

.iplt           0x0000000008007a54        0x0
 .iplt          0x0000000008007a54        0x0 c:/st/stm32cubeide_1.7.0/stm32cubeide/plugins/com.st.stm32cube.ide.mcu.externaltools.gnu-tools-for-stm32.9-2020-q2-update.win32_2.0.0.202105311346/tools/bin/../lib/gcc/arm-none-eabi/9.3.1/thumb/v7e-m+fp/hard/crtbegin.o

.rodata         0x0000000008007a54     0x3080
                0x0000000008007a54                . = ALIGN (0x4)
 *(.rodata)
 .rodata        0x0000000008007a54       0xe0 ./Core/Src/touch.o
 *(.rodata*)
 .rodata.ascii_1608
                0x0000000008007b34      0x5f0 ./Core/Src/lcd.o
                0x0000000008007b34                ascii_1608
 .rodata.ascii_2412
                0x0000000008008124     0x11d0 ./Core/Src/lcd.o
                0x0000000008008124                ascii_2412
 .rodata.ascii_3216
                0x00000000080092f4     0x17c0 ./Core/Src/lcd.o
                0x00000000080092f4                ascii_3216
 .rodata.AHBPrescTable
                0x000000000800aab4       0x10 ./Core/Src/system_stm32f4xx.o
                0x000000000800aab4                AHBPrescTable
 .rodata.APBPrescTable
                0x000000000800aac4        0x8 ./Core/Src/system_stm32f4xx.o
                0x000000000800aac4                APBPrescTable
 .rodata.flagBitshiftOffset.9221
                0x000000000800aacc        0x8 ./Drivers/STM32F4xx_HAL_Driver/Src/stm32f4xx_hal_dma.o
                0x000000000800aad4                . = ALIGN (0x4)

.ARM.extab      0x000000000800aad4        0x0
                0x000000000800aad4                . = ALIGN (0x4)
 *(.ARM.extab* .gnu.linkonce.armextab.*)
                0x000000000800aad4                . = ALIGN (0x4)

.ARM            0x000000000800aad4        0x8
                0x000000000800aad4                . = ALIGN (0x4)
                0x000000000800aad4                __exidx_start = .
 *(.ARM.exidx*)
 .ARM.exidx     0x000000000800aad4        0x8 c:/st/stm32cubeide_1.7.0/stm32cubeide/plugins/com.st.stm32cube.ide.mcu.externaltools.gnu-tools-for-stm32.9-2020-q2-update.win32_2.0.0.202105311346/tools/bin/../lib/gcc/arm-none-eabi/9.3.1/thumb/v7e-m+fp/hard\libgcc.a(_udivmoddi4.o)
                0x000000000800aadc                __exidx_end = .
                0x000000000800aadc                . = ALIGN (0x4)

.rel.dyn        0x000000000800aadc        0x0
 .rel.iplt      0x000000000800aadc        0x0 c:/st/stm32cubeide_1.7.0/stm32cubeide/plugins/com.st.stm32cube.ide.mcu.externaltools.gnu-tools-for-stm32.9-2020-q2-update.win32_2.0.0.202105311346/tools/bin/../lib/gcc/arm-none-eabi/9.3.1/thumb/v7e-m+fp/hard/crtbegin.o

.preinit_array  0x000000000800aadc        0x0
                0x000000000800aadc                . = ALIGN (0x4)
                0x000000000800aadc                PROVIDE (__preinit_array_start = .)
 *(.preinit_array*)
                0x000000000800aadc                PROVIDE (__preinit_array_end = .)
                0x000000000800aadc                . = ALIGN (0x4)

.init_array     0x000000000800aadc        0x4
                0x000000000800aadc                . = ALIGN (0x4)
                0x000000000800aadc                PROVIDE (__init_array_start = .)
 *(SORT_BY_NAME(.init_array.*))
 *(.init_array*)
 .init_array    0x000000000800aadc        0x4 c:/st/stm32cubeide_1.7.0/stm32cubeide/plugins/com.st.stm32cube.ide.mcu.externaltools.gnu-tools-for-stm32.9-2020-q2-update.win32_2.0.0.202105311346/tools/bin/../lib/gcc/arm-none-eabi/9.3.1/thumb/v7e-m+fp/hard/crtbegin.o
                0x000000000800aae0                PROVIDE (__init_array_end = .)
                0x000000000800aae0                . = ALIGN (0x4)

.fini_array     0x000000000800aae0        0x4
                0x000000000800aae0                . = ALIGN (0x4)
                [!provide]                        PROVIDE (__fini_array_start = .)
 *(SORT_BY_NAME(.fini_array.*))
 *(.fini_array*)
 .fini_array    0x000000000800aae0        0x4 c:/st/stm32cubeide_1.7.0/stm32cubeide/plugins/com.st.stm32cube.ide.mcu.externaltools.gnu-tools-for-stm32.9-2020-q2-update.win32_2.0.0.202105311346/tools/bin/../lib/gcc/arm-none-eabi/9.3.1/thumb/v7e-m+fp/hard/crtbegin.o
                [!provide]                        PROVIDE (__fini_array_end = .)
                0x000000000800aae4                . = ALIGN (0x4)
                0x000000000800aae4                _sidata = LOADADDR (.data)

.data           0x0000000020000000       0xb4 load address 0x000000000800aae4
                0x0000000020000000                . = ALIGN (0x4)
                0x0000000020000000                _sdata = .
 *(.data)
 *(.data*)
 .data.led7seg  0x0000000020000000        0x4 ./Core/Src/led_7seg.o
                0x0000000020000000                led7seg
 .data.spi_buffer
                0x0000000020000004        0x2 ./Core/Src/led_7seg.o
                0x0000000020000004                spi_buffer
 *fill*         0x0000000020000006        0x2 
 .data.SystemCoreClock
                0x0000000020000008        0x4 ./Core/Src/system_stm32f4xx.o
                0x0000000020000008                SystemCoreClock
 .data.tp_dev   0x000000002000000c       0x34 ./Core/Src/touch.o
                0x000000002000000c                tp_dev
 .data.CMD_RDX  0x0000000020000040        0x1 ./Core/Src/touch.o
                0x0000000020000040                CMD_RDX
 .data.CMD_RDY  0x0000000020000041        0x1 ./Core/Src/touch.o
                0x0000000020000041                CMD_RDY
 *fill*         0x0000000020000042        0x2 
 .data.uwTickPrio
                0x0000000020000044        0x4 ./Drivers/STM32F4xx_HAL_Driver/Src/stm32f4xx_hal.o
                0x0000000020000044                uwTickPrio
 .data.uwTickFreq
                0x0000000020000048        0x1 ./Drivers/STM32F4xx_HAL_Driver/Src/stm32f4xx_hal.o
                0x0000000020000048                uwTickFreq
 *fill*         0x0000000020000049        0x3 
 .data._impure_ptr
                0x000000002000004c        0x4 c:/st/stm32cubeide_1.7.0/stm32cubeide/plugins/com.st.stm32cube.ide.mcu.externaltools.gnu-tools-for-stm32.9-2020-q2-update.win32_2.0.0.202105311346/tools/bin/../lib/gcc/arm-none-eabi/9.3.1/../../../../arm-none-eabi/lib/thumb/v7e-m+fp/hard\libc_nano.a(lib_a-impure.o)
                0x000000002000004c                _impure_ptr
 .data.impure_data
                0x0000000020000050       0x60 c:/st/stm32cubeide_1.7.0/stm32cubeide/plugins/com.st.stm32cube.ide.mcu.externaltools.gnu-tools-for-stm32.9-2020-q2-update.win32_2.0.0.202105311346/tools/bin/../lib/gcc/arm-none-eabi/9.3.1/../../../../arm-none-eabi/lib/thumb/v7e-m+fp/hard\libc_nano.a(lib_a-impure.o)
 .data.__fdlib_version
                0x00000000200000b0        0x1 c:/st/stm32cubeide_1.7.0/stm32cubeide/plugins/com.st.stm32cube.ide.mcu.externaltools.gnu-tools-for-stm32.9-2020-q2-update.win32_2.0.0.202105311346/tools/bin/../lib/gcc/arm-none-eabi/9.3.1/../../../../arm-none-eabi/lib/thumb/v7e-m+fp/hard\libm.a(lib_a-s_lib_ver.o)
                0x00000000200000b0                __fdlib_version
 *(.RamFunc)
 *(.RamFunc*)
                0x00000000200000b4                . = ALIGN (0x4)
 *fill*         0x00000000200000b1        0x3 
                0x00000000200000b4                _edata = .
                0x000000000800ab98                _siccmram = LOADADDR (.ccmram)

.igot.plt       0x00000000200000b4        0x0 load address 0x000000000800ab98
 .igot.plt      0x00000000200000b4        0x0 c:/st/stm32cubeide_1.7.0/stm32cubeide/plugins/com.st.stm32cube.ide.mcu.externaltools.gnu-tools-for-stm32.9-2020-q2-update.win32_2.0.0.202105311346/tools/bin/../lib/gcc/arm-none-eabi/9.3.1/thumb/v7e-m+fp/hard/crtbegin.o

.ccmram         0x0000000010000000        0x0 load address 0x000000000800ab98
                0x0000000010000000                . = ALIGN (0x4)
                0x0000000010000000                _sccmram = .
 *(.ccmram)
 *(.ccmram*)
                0x0000000010000000                . = ALIGN (0x4)
                0x0000000010000000                _eccmram = .
                0x0000000010000000                . = ALIGN (0x4)

.bss            0x00000000200000b4      0x2f8
                0x00000000200000b4                _sbss = .
                0x00000000200000b4                __bss_start__ = _sbss
 *(.bss)
 .bss           0x00000000200000b4       0x1c c:/st/stm32cubeide_1.7.0/stm32cubeide/plugins/com.st.stm32cube.ide.mcu.externaltools.gnu-tools-for-stm32.9-2020-q2-update.win32_2.0.0.202105311346/tools/bin/../lib/gcc/arm-none-eabi/9.3.1/thumb/v7e-m+fp/hard/crtbegin.o
 *(.bss*)
 .bss.FSMC_Initialized
                0x00000000200000d0        0x4 ./Core/Src/fsmc.o
 .bss.led7_index
                0x00000000200000d4        0x4 ./Core/Src/led_7seg.o
                0x00000000200000d4                led7_index
 .bss.draw_Status
                0x00000000200000d8        0x4 ./Core/Src/main.o
                0x00000000200000d8                draw_Status
 .bss.flag_timer2
                0x00000000200000dc        0x2 ./Core/Src/software_timer.o
                0x00000000200000dc                flag_timer2
 .bss.timer2_counter
                0x00000000200000de        0x2 ./Core/Src/software_timer.o
                0x00000000200000de                timer2_counter
 .bss.timer2_MUL
                0x00000000200000e0        0x2 ./Core/Src/software_timer.o
                0x00000000200000e0                timer2_MUL
 *fill*         0x00000000200000e2        0x2 
 .bss.timer_flag
                0x00000000200000e4        0x4 ./Core/Src/software_timer.o
                0x00000000200000e4                timer_flag
 .bss.timer_counter
                0x00000000200000e8        0x4 ./Core/Src/software_timer.o
                0x00000000200000e8                timer_counter
 .bss.timer_MUL
                0x00000000200000ec        0x4 ./Core/Src/software_timer.o
                0x00000000200000ec                timer_MUL
 *(COMMON)
 COMMON         0x00000000200000f0       0xa8 ./Core/Src/adc.o
                0x00000000200000f0                hadc1
                0x0000000020000138                hdma_adc1
 COMMON         0x0000000020000198       0x50 ./Core/Src/fsmc.o
                0x0000000020000198                hsram1
 COMMON         0x00000000200001e8       0x54 ./Core/Src/i2c.o
                0x00000000200001e8                hi2c1
 COMMON         0x000000002000023c       0x3a ./Core/Src/lcd.o
                0x000000002000023c                lcddev
                0x0000000020000244                s
 *fill*         0x0000000020000276        0x2 
 COMMON         0x0000000020000278       0x58 ./Core/Src/spi.o
                0x0000000020000278                hspi1
 COMMON         0x00000000200002d0       0xd8 ./Core/Src/tim.o
                0x00000000200002d0                htim13
                0x0000000020000318                htim1
                0x0000000020000360                htim2
 COMMON         0x00000000200003a8        0x4 ./Drivers/STM32F4xx_HAL_Driver/Src/stm32f4xx_hal.o
                0x00000000200003a8                uwTick
                0x00000000200003ac                . = ALIGN (0x4)
                0x00000000200003ac                _ebss = .
                0x00000000200003ac                __bss_end__ = _ebss

._user_heap_stack
                0x00000000200003ac      0x604
                0x00000000200003b0                . = ALIGN (0x8)
 *fill*         0x00000000200003ac        0x4 
                [!provide]                        PROVIDE (end = .)
                0x00000000200003b0                PROVIDE (_end = .)
                0x00000000200005b0                . = (. + _Min_Heap_Size)
 *fill*         0x00000000200003b0      0x200 
                0x00000000200009b0                . = (. + _Min_Stack_Size)
 *fill*         0x00000000200005b0      0x400 
                0x00000000200009b0                . = ALIGN (0x8)

/DISCARD/
 libc.a(*)
 libm.a(*)
 libgcc.a(*)

.ARM.attributes
                0x0000000000000000       0x30
 *(.ARM.attributes)
 .ARM.attributes
                0x0000000000000000       0x1e c:/st/stm32cubeide_1.7.0/stm32cubeide/plugins/com.st.stm32cube.ide.mcu.externaltools.gnu-tools-for-stm32.9-2020-q2-update.win32_2.0.0.202105311346/tools/bin/../lib/gcc/arm-none-eabi/9.3.1/thumb/v7e-m+fp/hard/crti.o
 .ARM.attributes
                0x000000000000001e       0x34 c:/st/stm32cubeide_1.7.0/stm32cubeide/plugins/com.st.stm32cube.ide.mcu.externaltools.gnu-tools-for-stm32.9-2020-q2-update.win32_2.0.0.202105311346/tools/bin/../lib/gcc/arm-none-eabi/9.3.1/thumb/v7e-m+fp/hard/crtbegin.o
 .ARM.attributes
                0x0000000000000052       0x34 ./Core/Src/adc.o
 .ARM.attributes
                0x0000000000000086       0x34 ./Core/Src/at24c.o
 .ARM.attributes
                0x00000000000000ba       0x34 ./Core/Src/button.o
 .ARM.attributes
                0x00000000000000ee       0x34 ./Core/Src/dma.o
 .ARM.attributes
                0x0000000000000122       0x34 ./Core/Src/fsmc.o
 .ARM.attributes
                0x0000000000000156       0x34 ./Core/Src/gpio.o
 .ARM.attributes
                0x000000000000018a       0x34 ./Core/Src/i2c.o
 .ARM.attributes
                0x00000000000001be       0x34 ./Core/Src/lcd.o
 .ARM.attributes
                0x00000000000001f2       0x34 ./Core/Src/led_7seg.o
 .ARM.attributes
                0x0000000000000226       0x34 ./Core/Src/main.o
 .ARM.attributes
                0x000000000000025a       0x34 ./Core/Src/software_timer.o
 .ARM.attributes
                0x000000000000028e       0x34 ./Core/Src/spi.o
 .ARM.attributes
                0x00000000000002c2       0x34 ./Core/Src/stm32f4xx_hal_msp.o
 .ARM.attributes
                0x00000000000002f6       0x34 ./Core/Src/stm32f4xx_it.o
 .ARM.attributes
                0x000000000000032a       0x34 ./Core/Src/system_stm32f4xx.o
 .ARM.attributes
                0x000000000000035e       0x34 ./Core/Src/tim.o
 .ARM.attributes
                0x0000000000000392       0x34 ./Core/Src/touch.o
 .ARM.attributes
                0x00000000000003c6       0x21 ./Core/Startup/startup_stm32f407zetx.o
 .ARM.attributes
                0x00000000000003e7       0x34 ./Drivers/STM32F4xx_HAL_Driver/Src/stm32f4xx_hal.o
 .ARM.attributes
                0x000000000000041b       0x34 ./Drivers/STM32F4xx_HAL_Driver/Src/stm32f4xx_hal_adc.o
 .ARM.attributes
                0x000000000000044f       0x34 ./Drivers/STM32F4xx_HAL_Driver/Src/stm32f4xx_hal_cortex.o
 .ARM.attributes
                0x0000000000000483       0x34 ./Drivers/STM32F4xx_HAL_Driver/Src/stm32f4xx_hal_dma.o
 .ARM.attributes
                0x00000000000004b7       0x34 ./Drivers/STM32F4xx_HAL_Driver/Src/stm32f4xx_hal_gpio.o
 .ARM.attributes
                0x00000000000004eb       0x34 ./Drivers/STM32F4xx_HAL_Driver/Src/stm32f4xx_hal_i2c.o
 .ARM.attributes
                0x000000000000051f       0x34 ./Drivers/STM32F4xx_HAL_Driver/Src/stm32f4xx_hal_rcc.o
 .ARM.attributes
                0x0000000000000553       0x34 ./Drivers/STM32F4xx_HAL_Driver/Src/stm32f4xx_hal_spi.o
 .ARM.attributes
                0x0000000000000587       0x34 ./Drivers/STM32F4xx_HAL_Driver/Src/stm32f4xx_hal_sram.o
 .ARM.attributes
                0x00000000000005bb       0x34 ./Drivers/STM32F4xx_HAL_Driver/Src/stm32f4xx_hal_tim.o
 .ARM.attributes
                0x00000000000005ef       0x34 ./Drivers/STM32F4xx_HAL_Driver/Src/stm32f4xx_hal_tim_ex.o
 .ARM.attributes
                0x0000000000000623       0x34 ./Drivers/STM32F4xx_HAL_Driver/Src/stm32f4xx_ll_fsmc.o
 .ARM.attributes
                0x0000000000000657       0x34 c:/st/stm32cubeide_1.7.0/stm32cubeide/plugins/com.st.stm32cube.ide.mcu.externaltools.gnu-tools-for-stm32.9-2020-q2-update.win32_2.0.0.202105311346/tools/bin/../lib/gcc/arm-none-eabi/9.3.1/../../../../arm-none-eabi/lib/thumb/v7e-m+fp/hard\libc_nano.a(lib_a-errno.o)
 .ARM.attributes
                0x000000000000068b       0x32 c:/st/stm32cubeide_1.7.0/stm32cubeide/plugins/com.st.stm32cube.ide.mcu.externaltools.gnu-tools-for-stm32.9-2020-q2-update.win32_2.0.0.202105311346/tools/bin/../lib/gcc/arm-none-eabi/9.3.1/../../../../arm-none-eabi/lib/thumb/v7e-m+fp/hard\libc_nano.a(lib_a-impure.o)
 .ARM.attributes
                0x00000000000006bd       0x34 c:/st/stm32cubeide_1.7.0/stm32cubeide/plugins/com.st.stm32cube.ide.mcu.externaltools.gnu-tools-for-stm32.9-2020-q2-update.win32_2.0.0.202105311346/tools/bin/../lib/gcc/arm-none-eabi/9.3.1/../../../../arm-none-eabi/lib/thumb/v7e-m+fp/hard\libc_nano.a(lib_a-init.o)
 .ARM.attributes
                0x00000000000006f1       0x34 c:/st/stm32cubeide_1.7.0/stm32cubeide/plugins/com.st.stm32cube.ide.mcu.externaltools.gnu-tools-for-stm32.9-2020-q2-update.win32_2.0.0.202105311346/tools/bin/../lib/gcc/arm-none-eabi/9.3.1/../../../../arm-none-eabi/lib/thumb/v7e-m+fp/hard\libc_nano.a(lib_a-memset.o)
 .ARM.attributes
                0x0000000000000725       0x34 c:/st/stm32cubeide_1.7.0/stm32cubeide/plugins/com.st.stm32cube.ide.mcu.externaltools.gnu-tools-for-stm32.9-2020-q2-update.win32_2.0.0.202105311346/tools/bin/../lib/gcc/arm-none-eabi/9.3.1/../../../../arm-none-eabi/lib/thumb/v7e-m+fp/hard\libm.a(lib_a-w_sqrt.o)
 .ARM.attributes
                0x0000000000000759       0x34 c:/st/stm32cubeide_1.7.0/stm32cubeide/plugins/com.st.stm32cube.ide.mcu.externaltools.gnu-tools-for-stm32.9-2020-q2-update.win32_2.0.0.202105311346/tools/bin/../lib/gcc/arm-none-eabi/9.3.1/../../../../arm-none-eabi/lib/thumb/v7e-m+fp/hard\libm.a(lib_a-e_sqrt.o)
 .ARM.attributes
                0x000000000000078d       0x32 c:/st/stm32cubeide_1.7.0/stm32cubeide/plugins/com.st.stm32cube.ide.mcu.externaltools.gnu-tools-for-stm32.9-2020-q2-update.win32_2.0.0.202105311346/tools/bin/../lib/gcc/arm-none-eabi/9.3.1/../../../../arm-none-eabi/lib/thumb/v7e-m+fp/hard\libm.a(lib_a-s_lib_ver.o)
 .ARM.attributes
                0x00000000000007bf       0x1e c:/st/stm32cubeide_1.7.0/stm32cubeide/plugins/com.st.stm32cube.ide.mcu.externaltools.gnu-tools-for-stm32.9-2020-q2-update.win32_2.0.0.202105311346/tools/bin/../lib/gcc/arm-none-eabi/9.3.1/thumb/v7e-m+fp/hard\libgcc.a(_arm_addsubdf3.o)
 .ARM.attributes
                0x00000000000007dd       0x1e c:/st/stm32cubeide_1.7.0/stm32cubeide/plugins/com.st.stm32cube.ide.mcu.externaltools.gnu-tools-for-stm32.9-2020-q2-update.win32_2.0.0.202105311346/tools/bin/../lib/gcc/arm-none-eabi/9.3.1/thumb/v7e-m+fp/hard\libgcc.a(_arm_muldivdf3.o)
 .ARM.attributes
                0x00000000000007fb       0x1e c:/st/stm32cubeide_1.7.0/stm32cubeide/plugins/com.st.stm32cube.ide.mcu.externaltools.gnu-tools-for-stm32.9-2020-q2-update.win32_2.0.0.202105311346/tools/bin/../lib/gcc/arm-none-eabi/9.3.1/thumb/v7e-m+fp/hard\libgcc.a(_arm_cmpdf2.o)
 .ARM.attributes
                0x0000000000000819       0x1e c:/st/stm32cubeide_1.7.0/stm32cubeide/plugins/com.st.stm32cube.ide.mcu.externaltools.gnu-tools-for-stm32.9-2020-q2-update.win32_2.0.0.202105311346/tools/bin/../lib/gcc/arm-none-eabi/9.3.1/thumb/v7e-m+fp/hard\libgcc.a(_arm_unorddf2.o)
 .ARM.attributes
                0x0000000000000837       0x1e c:/st/stm32cubeide_1.7.0/stm32cubeide/plugins/com.st.stm32cube.ide.mcu.externaltools.gnu-tools-for-stm32.9-2020-q2-update.win32_2.0.0.202105311346/tools/bin/../lib/gcc/arm-none-eabi/9.3.1/thumb/v7e-m+fp/hard\libgcc.a(_arm_fixunsdfsi.o)
 .ARM.attributes
                0x0000000000000855       0x1e c:/st/stm32cubeide_1.7.0/stm32cubeide/plugins/com.st.stm32cube.ide.mcu.externaltools.gnu-tools-for-stm32.9-2020-q2-update.win32_2.0.0.202105311346/tools/bin/../lib/gcc/arm-none-eabi/9.3.1/thumb/v7e-m+fp/hard\libgcc.a(_aeabi_uldivmod.o)
 .ARM.attributes
                0x0000000000000873       0x34 c:/st/stm32cubeide_1.7.0/stm32cubeide/plugins/com.st.stm32cube.ide.mcu.externaltools.gnu-tools-for-stm32.9-2020-q2-update.win32_2.0.0.202105311346/tools/bin/../lib/gcc/arm-none-eabi/9.3.1/thumb/v7e-m+fp/hard\libgcc.a(_udivmoddi4.o)
 .ARM.attributes
                0x00000000000008a7       0x1e c:/st/stm32cubeide_1.7.0/stm32cubeide/plugins/com.st.stm32cube.ide.mcu.externaltools.gnu-tools-for-stm32.9-2020-q2-update.win32_2.0.0.202105311346/tools/bin/../lib/gcc/arm-none-eabi/9.3.1/thumb/v7e-m+fp/hard\libgcc.a(_dvmd_tls.o)
 .ARM.attributes
                0x00000000000008c5       0x1e c:/st/stm32cubeide_1.7.0/stm32cubeide/plugins/com.st.stm32cube.ide.mcu.externaltools.gnu-tools-for-stm32.9-2020-q2-update.win32_2.0.0.202105311346/tools/bin/../lib/gcc/arm-none-eabi/9.3.1/thumb/v7e-m+fp/hard/crtn.o
OUTPUT(Bai7_TouchScreen.elf elf32-littlearm)
LOAD linker stubs
LOAD c:/st/stm32cubeide_1.7.0/stm32cubeide/plugins/com.st.stm32cube.ide.mcu.externaltools.gnu-tools-for-stm32.9-2020-q2-update.win32_2.0.0.202105311346/tools/bin/../lib/gcc/arm-none-eabi/9.3.1/../../../../arm-none-eabi/lib/thumb/v7e-m+fp/hard\libc.a
LOAD c:/st/stm32cubeide_1.7.0/stm32cubeide/plugins/com.st.stm32cube.ide.mcu.externaltools.gnu-tools-for-stm32.9-2020-q2-update.win32_2.0.0.202105311346/tools/bin/../lib/gcc/arm-none-eabi/9.3.1/../../../../arm-none-eabi/lib/thumb/v7e-m+fp/hard\libm.a
LOAD c:/st/stm32cubeide_1.7.0/stm32cubeide/plugins/com.st.stm32cube.ide.mcu.externaltools.gnu-tools-for-stm32.9-2020-q2-update.win32_2.0.0.202105311346/tools/bin/../lib/gcc/arm-none-eabi/9.3.1/thumb/v7e-m+fp/hard\libgcc.a

.debug_info     0x0000000000000000    0x1a7eb
 .debug_info    0x0000000000000000      0xabd ./Core/Src/adc.o
 .debug_info    0x0000000000000abd      0x804 ./Core/Src/at24c.o
 .debug_info    0x00000000000012c1      0x7f4 ./Core/Src/button.o
 .debug_info    0x0000000000001ab5      0x59c ./Core/Src/dma.o
 .debug_info    0x0000000000002051      0xa96 ./Core/Src/fsmc.o
 .debug_info    0x0000000000002ae7      0x586 ./Core/Src/gpio.o
 .debug_info    0x000000000000306d      0xa7d ./Core/Src/i2c.o
 .debug_info    0x0000000000003aea     0x1759 ./Core/Src/lcd.o
 .debug_info    0x0000000000005243      0x89c ./Core/Src/led_7seg.o
 .debug_info    0x0000000000005adf     0x2121 ./Core/Src/main.o
 .debug_info    0x0000000000007c00      0xb8a ./Core/Src/software_timer.o
 .debug_info    0x000000000000878a      0xa5a ./Core/Src/spi.o
 .debug_info    0x00000000000091e4      0x394 ./Core/Src/stm32f4xx_hal_msp.o
 .debug_info    0x0000000000009578      0x81f ./Core/Src/stm32f4xx_it.o
 .debug_info    0x0000000000009d97      0x5a4 ./Core/Src/system_stm32f4xx.o
 .debug_info    0x000000000000a33b      0xf2a ./Core/Src/tim.o
 .debug_info    0x000000000000b265     0x1c85 ./Core/Src/touch.o
 .debug_info    0x000000000000ceea       0x22 ./Core/Startup/startup_stm32f407zetx.o
 .debug_info    0x000000000000cf0c      0x9b2 ./Drivers/STM32F4xx_HAL_Driver/Src/stm32f4xx_hal.o
 .debug_info    0x000000000000d8be      0xdbc ./Drivers/STM32F4xx_HAL_Driver/Src/stm32f4xx_hal_adc.o
 .debug_info    0x000000000000e67a      0xed7 ./Drivers/STM32F4xx_HAL_Driver/Src/stm32f4xx_hal_cortex.o
 .debug_info    0x000000000000f551      0x9f1 ./Drivers/STM32F4xx_HAL_Driver/Src/stm32f4xx_hal_dma.o
 .debug_info    0x000000000000ff42      0x83e ./Drivers/STM32F4xx_HAL_Driver/Src/stm32f4xx_hal_gpio.o
 .debug_info    0x0000000000010780     0x264d ./Drivers/STM32F4xx_HAL_Driver/Src/stm32f4xx_hal_i2c.o
 .debug_info    0x0000000000012dcd      0x996 ./Drivers/STM32F4xx_HAL_Driver/Src/stm32f4xx_hal_rcc.o
 .debug_info    0x0000000000013763     0x17c0 ./Drivers/STM32F4xx_HAL_Driver/Src/stm32f4xx_hal_spi.o
 .debug_info    0x0000000000014f23      0xbab ./Drivers/STM32F4xx_HAL_Driver/Src/stm32f4xx_hal_sram.o
 .debug_info    0x0000000000015ace     0x2c22 ./Drivers/STM32F4xx_HAL_Driver/Src/stm32f4xx_hal_tim.o
 .debug_info    0x00000000000186f0     0x15a2 ./Drivers/STM32F4xx_HAL_Driver/Src/stm32f4xx_hal_tim_ex.o
 .debug_info    0x0000000000019c92      0xb59 ./Drivers/STM32F4xx_HAL_Driver/Src/stm32f4xx_ll_fsmc.o

.debug_abbrev   0x0000000000000000     0x3b6e
 .debug_abbrev  0x0000000000000000      0x1ce ./Core/Src/adc.o
 .debug_abbrev  0x00000000000001ce      0x1c1 ./Core/Src/at24c.o
 .debug_abbrev  0x000000000000038f      0x1bf ./Core/Src/button.o
 .debug_abbrev  0x000000000000054e      0x11b ./Core/Src/dma.o
 .debug_abbrev  0x0000000000000669      0x1e2 ./Core/Src/fsmc.o
 .debug_abbrev  0x000000000000084b      0x14e ./Core/Src/gpio.o
 .debug_abbrev  0x0000000000000999      0x1bb ./Core/Src/i2c.o
 .debug_abbrev  0x0000000000000b54      0x3aa ./Core/Src/lcd.o
 .debug_abbrev  0x0000000000000efe      0x1a9 ./Core/Src/led_7seg.o
 .debug_abbrev  0x00000000000010a7      0x2a8 ./Core/Src/main.o
 .debug_abbrev  0x000000000000134f      0x201 ./Core/Src/software_timer.o
 .debug_abbrev  0x0000000000001550      0x1bb ./Core/Src/spi.o
 .debug_abbrev  0x000000000000170b      0x11d ./Core/Src/stm32f4xx_hal_msp.o
 .debug_abbrev  0x0000000000001828      0x176 ./Core/Src/stm32f4xx_it.o
 .debug_abbrev  0x000000000000199e      0x145 ./Core/Src/system_stm32f4xx.o
 .debug_abbrev  0x0000000000001ae3      0x1d7 ./Core/Src/tim.o
 .debug_abbrev  0x0000000000001cba      0x335 ./Core/Src/touch.o
 .debug_abbrev  0x0000000000001fef       0x12 ./Core/Startup/startup_stm32f407zetx.o
 .debug_abbrev  0x0000000000002001      0x1ed ./Drivers/STM32F4xx_HAL_Driver/Src/stm32f4xx_hal.o
 .debug_abbrev  0x00000000000021ee      0x22f ./Drivers/STM32F4xx_HAL_Driver/Src/stm32f4xx_hal_adc.o
 .debug_abbrev  0x000000000000241d      0x33c ./Drivers/STM32F4xx_HAL_Driver/Src/stm32f4xx_hal_cortex.o
 .debug_abbrev  0x0000000000002759      0x259 ./Drivers/STM32F4xx_HAL_Driver/Src/stm32f4xx_hal_dma.o
 .debug_abbrev  0x00000000000029b2      0x1f1 ./Drivers/STM32F4xx_HAL_Driver/Src/stm32f4xx_hal_gpio.o
 .debug_abbrev  0x0000000000002ba3      0x282 ./Drivers/STM32F4xx_HAL_Driver/Src/stm32f4xx_hal_i2c.o
 .debug_abbrev  0x0000000000002e25      0x275 ./Drivers/STM32F4xx_HAL_Driver/Src/stm32f4xx_hal_rcc.o
 .debug_abbrev  0x000000000000309a      0x26e ./Drivers/STM32F4xx_HAL_Driver/Src/stm32f4xx_hal_spi.o
 .debug_abbrev  0x0000000000003308      0x1f4 ./Drivers/STM32F4xx_HAL_Driver/Src/stm32f4xx_hal_sram.o
 .debug_abbrev  0x00000000000034fc      0x25e ./Drivers/STM32F4xx_HAL_Driver/Src/stm32f4xx_hal_tim.o
 .debug_abbrev  0x000000000000375a      0x266 ./Drivers/STM32F4xx_HAL_Driver/Src/stm32f4xx_hal_tim_ex.o
 .debug_abbrev  0x00000000000039c0      0x1ae ./Drivers/STM32F4xx_HAL_Driver/Src/stm32f4xx_ll_fsmc.o

.debug_aranges  0x0000000000000000     0x1450
 .debug_aranges
                0x0000000000000000       0x30 ./Core/Src/adc.o
 .debug_aranges
                0x0000000000000030       0x48 ./Core/Src/at24c.o
 .debug_aranges
                0x0000000000000078       0x28 ./Core/Src/button.o
 .debug_aranges
                0x00000000000000a0       0x20 ./Core/Src/dma.o
 .debug_aranges
                0x00000000000000c0       0x40 ./Core/Src/fsmc.o
 .debug_aranges
                0x0000000000000100       0x20 ./Core/Src/gpio.o
 .debug_aranges
                0x0000000000000120       0x30 ./Core/Src/i2c.o
 .debug_aranges
                0x0000000000000150       0xd8 ./Core/Src/lcd.o
 .debug_aranges
                0x0000000000000228       0x48 ./Core/Src/led_7seg.o
 .debug_aranges
                0x0000000000000270       0x50 ./Core/Src/main.o
 .debug_aranges
                0x00000000000002c0       0x48 ./Core/Src/software_timer.o
 .debug_aranges
                0x0000000000000308       0x30 ./Core/Src/spi.o
 .debug_aranges
                0x0000000000000338       0x20 ./Core/Src/stm32f4xx_hal_msp.o
 .debug_aranges
                0x0000000000000358       0x70 ./Core/Src/stm32f4xx_it.o
 .debug_aranges
                0x00000000000003c8       0x28 ./Core/Src/system_stm32f4xx.o
 .debug_aranges
                0x00000000000003f0       0x48 ./Core/Src/tim.o
 .debug_aranges
                0x0000000000000438       0xa0 ./Core/Src/touch.o
 .debug_aranges
                0x00000000000004d8       0x28 ./Core/Startup/startup_stm32f407zetx.o
 .debug_aranges
                0x0000000000000500       0xf0 ./Drivers/STM32F4xx_HAL_Driver/Src/stm32f4xx_hal.o
 .debug_aranges
                0x00000000000005f0       0xe8 ./Drivers/STM32F4xx_HAL_Driver/Src/stm32f4xx_hal_adc.o
 .debug_aranges
                0x00000000000006d8      0x118 ./Drivers/STM32F4xx_HAL_Driver/Src/stm32f4xx_hal_cortex.o
 .debug_aranges
                0x00000000000007f0       0x90 ./Drivers/STM32F4xx_HAL_Driver/Src/stm32f4xx_hal_dma.o
 .debug_aranges
                0x0000000000000880       0x58 ./Drivers/STM32F4xx_HAL_Driver/Src/stm32f4xx_hal_gpio.o
 .debug_aranges
                0x00000000000008d8      0x2a0 ./Drivers/STM32F4xx_HAL_Driver/Src/stm32f4xx_hal_i2c.o
 .debug_aranges
                0x0000000000000b78       0x88 ./Drivers/STM32F4xx_HAL_Driver/Src/stm32f4xx_hal_rcc.o
 .debug_aranges
                0x0000000000000c00      0x1d0 ./Drivers/STM32F4xx_HAL_Driver/Src/stm32f4xx_hal_spi.o
 .debug_aranges
                0x0000000000000dd0       0xa0 ./Drivers/STM32F4xx_HAL_Driver/Src/stm32f4xx_hal_sram.o
 .debug_aranges
                0x0000000000000e70      0x3d0 ./Drivers/STM32F4xx_HAL_Driver/Src/stm32f4xx_hal_tim.o
 .debug_aranges
                0x0000000000001240      0x168 ./Drivers/STM32F4xx_HAL_Driver/Src/stm32f4xx_hal_tim_ex.o
 .debug_aranges
                0x00000000000013a8       0xa8 ./Drivers/STM32F4xx_HAL_Driver/Src/stm32f4xx_ll_fsmc.o

.debug_ranges   0x0000000000000000     0x12a0
 .debug_ranges  0x0000000000000000       0x20 ./Core/Src/adc.o
 .debug_ranges  0x0000000000000020       0x38 ./Core/Src/at24c.o
 .debug_ranges  0x0000000000000058       0x18 ./Core/Src/button.o
 .debug_ranges  0x0000000000000070       0x10 ./Core/Src/dma.o
 .debug_ranges  0x0000000000000080       0x30 ./Core/Src/fsmc.o
 .debug_ranges  0x00000000000000b0       0x10 ./Core/Src/gpio.o
 .debug_ranges  0x00000000000000c0       0x20 ./Core/Src/i2c.o
 .debug_ranges  0x00000000000000e0       0xc8 ./Core/Src/lcd.o
 .debug_ranges  0x00000000000001a8       0x38 ./Core/Src/led_7seg.o
 .debug_ranges  0x00000000000001e0       0x40 ./Core/Src/main.o
 .debug_ranges  0x0000000000000220       0x38 ./Core/Src/software_timer.o
 .debug_ranges  0x0000000000000258       0x20 ./Core/Src/spi.o
 .debug_ranges  0x0000000000000278       0x10 ./Core/Src/stm32f4xx_hal_msp.o
 .debug_ranges  0x0000000000000288       0x60 ./Core/Src/stm32f4xx_it.o
 .debug_ranges  0x00000000000002e8       0x18 ./Core/Src/system_stm32f4xx.o
 .debug_ranges  0x0000000000000300       0x38 ./Core/Src/tim.o
 .debug_ranges  0x0000000000000338       0x90 ./Core/Src/touch.o
 .debug_ranges  0x00000000000003c8       0x20 ./Core/Startup/startup_stm32f407zetx.o
 .debug_ranges  0x00000000000003e8       0xe0 ./Drivers/STM32F4xx_HAL_Driver/Src/stm32f4xx_hal.o
 .debug_ranges  0x00000000000004c8       0xd8 ./Drivers/STM32F4xx_HAL_Driver/Src/stm32f4xx_hal_adc.o
 .debug_ranges  0x00000000000005a0      0x108 ./Drivers/STM32F4xx_HAL_Driver/Src/stm32f4xx_hal_cortex.o
 .debug_ranges  0x00000000000006a8       0x80 ./Drivers/STM32F4xx_HAL_Driver/Src/stm32f4xx_hal_dma.o
 .debug_ranges  0x0000000000000728       0x48 ./Drivers/STM32F4xx_HAL_Driver/Src/stm32f4xx_hal_gpio.o
 .debug_ranges  0x0000000000000770      0x2b8 ./Drivers/STM32F4xx_HAL_Driver/Src/stm32f4xx_hal_i2c.o
 .debug_ranges  0x0000000000000a28       0x78 ./Drivers/STM32F4xx_HAL_Driver/Src/stm32f4xx_hal_rcc.o
 .debug_ranges  0x0000000000000aa0      0x1c0 ./Drivers/STM32F4xx_HAL_Driver/Src/stm32f4xx_hal_spi.o
 .debug_ranges  0x0000000000000c60       0x90 ./Drivers/STM32F4xx_HAL_Driver/Src/stm32f4xx_hal_sram.o
 .debug_ranges  0x0000000000000cf0      0x3c0 ./Drivers/STM32F4xx_HAL_Driver/Src/stm32f4xx_hal_tim.o
 .debug_ranges  0x00000000000010b0      0x158 ./Drivers/STM32F4xx_HAL_Driver/Src/stm32f4xx_hal_tim_ex.o
 .debug_ranges  0x0000000000001208       0x98 ./Drivers/STM32F4xx_HAL_Driver/Src/stm32f4xx_ll_fsmc.o

.debug_macro    0x0000000000000000    0x250a6
 .debug_macro   0x0000000000000000      0x244 ./Core/Src/adc.o
 .debug_macro   0x0000000000000244      0xaa8 ./Core/Src/adc.o
 .debug_macro   0x0000000000000cec      0x2ad ./Core/Src/adc.o
 .debug_macro   0x0000000000000f99       0x2e ./Core/Src/adc.o
 .debug_macro   0x0000000000000fc7       0x2f ./Core/Src/adc.o
 .debug_macro   0x0000000000000ff6       0x22 ./Core/Src/adc.o
 .debug_macro   0x0000000000001018       0x8e ./Core/Src/adc.o
 .debug_macro   0x00000000000010a6       0x51 ./Core/Src/adc.o
 .debug_macro   0x00000000000010f7      0x103 ./Core/Src/adc.o
 .debug_macro   0x00000000000011fa       0x6a ./Core/Src/adc.o
 .debug_macro   0x0000000000001264      0x1df ./Core/Src/adc.o
 .debug_macro   0x0000000000001443       0x1c ./Core/Src/adc.o
 .debug_macro   0x000000000000145f       0x22 ./Core/Src/adc.o
 .debug_macro   0x0000000000001481       0xdf ./Core/Src/adc.o
 .debug_macro   0x0000000000001560     0x102d ./Core/Src/adc.o
 .debug_macro   0x000000000000258d      0x11f ./Core/Src/adc.o
 .debug_macro   0x00000000000026ac    0x15e58 ./Core/Src/adc.o
 .debug_macro   0x0000000000018504       0x6d ./Core/Src/adc.o
 .debug_macro   0x0000000000018571     0x3666 ./Core/Src/adc.o
 .debug_macro   0x000000000001bbd7      0x174 ./Core/Src/adc.o
 .debug_macro   0x000000000001bd4b       0x5c ./Core/Src/adc.o
 .debug_macro   0x000000000001bda7      0x96b ./Core/Src/adc.o
 .debug_macro   0x000000000001c712      0x9fe ./Core/Src/adc.o
 .debug_macro   0x000000000001d110      0x116 ./Core/Src/adc.o
 .debug_macro   0x000000000001d226      0x13e ./Core/Src/adc.o
 .debug_macro   0x000000000001d364       0xa5 ./Core/Src/adc.o
 .debug_macro   0x000000000001d409      0x174 ./Core/Src/adc.o
 .debug_macro   0x000000000001d57d      0x287 ./Core/Src/adc.o
 .debug_macro   0x000000000001d804       0x5f ./Core/Src/adc.o
 .debug_macro   0x000000000001d863      0x236 ./Core/Src/adc.o
 .debug_macro   0x000000000001da99      0xb5b ./Core/Src/adc.o
 .debug_macro   0x000000000001e5f4      0x38b ./Core/Src/adc.o
 .debug_macro   0x000000000001e97f      0x176 ./Core/Src/adc.o
 .debug_macro   0x000000000001eaf5       0xf9 ./Core/Src/adc.o
 .debug_macro   0x000000000001ebee      0x12c ./Core/Src/adc.o
 .debug_macro   0x000000000001ed1a      0x21e ./Core/Src/adc.o
 .debug_macro   0x000000000001ef38       0x2e ./Core/Src/adc.o
 .debug_macro   0x000000000001ef66      0x543 ./Core/Src/adc.o
 .debug_macro   0x000000000001f4a9      0x1b5 ./Core/Src/adc.o
 .debug_macro   0x000000000001f65e       0xd6 ./Core/Src/adc.o
 .debug_macro   0x000000000001f734      0x11a ./Core/Src/adc.o
 .debug_macro   0x000000000001f84e       0x7e ./Core/Src/adc.o
 .debug_macro   0x000000000001f8cc       0x89 ./Core/Src/adc.o
 .debug_macro   0x000000000001f955      0x225 ./Core/Src/adc.o
 .debug_macro   0x000000000001fb7a      0x8d1 ./Core/Src/adc.o
 .debug_macro   0x000000000002044b       0x47 ./Core/Src/adc.o
 .debug_macro   0x0000000000020492      0x12d ./Core/Src/adc.o
 .debug_macro   0x00000000000205bf       0xc4 ./Core/Src/adc.o
 .debug_macro   0x0000000000020683      0x253 ./Core/Src/at24c.o
 .debug_macro   0x00000000000208d6       0x46 ./Core/Src/at24c.o
 .debug_macro   0x000000000002091c      0x258 ./Core/Src/button.o
 .debug_macro   0x0000000000020b74      0x244 ./Core/Src/dma.o
 .debug_macro   0x0000000000020db8      0x244 ./Core/Src/fsmc.o
 .debug_macro   0x0000000000020ffc      0x244 ./Core/Src/gpio.o
 .debug_macro   0x0000000000021240      0x244 ./Core/Src/i2c.o
 .debug_macro   0x0000000000021484      0x359 ./Core/Src/lcd.o
 .debug_macro   0x00000000000217dd      0x24e ./Core/Src/led_7seg.o
 .debug_macro   0x0000000000021a2b      0x4e2 ./Core/Src/main.o
 .debug_macro   0x0000000000021f0d       0x1c ./Core/Src/main.o
 .debug_macro   0x0000000000021f29      0x268 ./Core/Src/software_timer.o
 .debug_macro   0x0000000000022191      0x244 ./Core/Src/spi.o
 .debug_macro   0x00000000000223d5      0x23a ./Core/Src/stm32f4xx_hal_msp.o
 .debug_macro   0x000000000002260f      0x244 ./Core/Src/stm32f4xx_it.o
 .debug_macro   0x0000000000022853      0x22b ./Core/Src/system_stm32f4xx.o
 .debug_macro   0x0000000000022a7e      0x244 ./Core/Src/tim.o
 .debug_macro   0x0000000000022cc2      0x48c ./Core/Src/touch.o
 .debug_macro   0x000000000002314e       0x97 ./Core/Src/touch.o
 .debug_macro   0x00000000000231e5       0xfd ./Core/Src/touch.o
 .debug_macro   0x00000000000232e2       0xd9 ./Core/Src/touch.o
 .debug_macro   0x00000000000233bb       0x56 ./Core/Src/touch.o
 .debug_macro   0x0000000000023411      0x1a9 ./Core/Src/touch.o
 .debug_macro   0x00000000000235ba      0x28b ./Drivers/STM32F4xx_HAL_Driver/Src/stm32f4xx_hal.o
 .debug_macro   0x0000000000023845      0x22c ./Drivers/STM32F4xx_HAL_Driver/Src/stm32f4xx_hal_adc.o
 .debug_macro   0x0000000000023a71      0x22b ./Drivers/STM32F4xx_HAL_Driver/Src/stm32f4xx_hal_cortex.o
 .debug_macro   0x0000000000023c9c      0x231 ./Drivers/STM32F4xx_HAL_Driver/Src/stm32f4xx_hal_dma.o
 .debug_macro   0x0000000000023ecd      0x231 ./Drivers/STM32F4xx_HAL_Driver/Src/stm32f4xx_hal_gpio.o
 .debug_macro   0x00000000000240fe      0x272 ./Drivers/STM32F4xx_HAL_Driver/Src/stm32f4xx_hal_i2c.o
 .debug_macro   0x0000000000024370      0x24f ./Drivers/STM32F4xx_HAL_Driver/Src/stm32f4xx_hal_rcc.o
 .debug_macro   0x00000000000245bf      0x23a ./Drivers/STM32F4xx_HAL_Driver/Src/stm32f4xx_hal_spi.o
 .debug_macro   0x00000000000247f9      0x22b ./Drivers/STM32F4xx_HAL_Driver/Src/stm32f4xx_hal_sram.o
 .debug_macro   0x0000000000024a24      0x22c ./Drivers/STM32F4xx_HAL_Driver/Src/stm32f4xx_hal_tim.o
 .debug_macro   0x0000000000024c50      0x22b ./Drivers/STM32F4xx_HAL_Driver/Src/stm32f4xx_hal_tim_ex.o
 .debug_macro   0x0000000000024e7b      0x22b ./Drivers/STM32F4xx_HAL_Driver/Src/stm32f4xx_ll_fsmc.o

.debug_line     0x0000000000000000    0x1b2a3
 .debug_line    0x0000000000000000      0x85c ./Core/Src/adc.o
 .debug_line    0x000000000000085c      0x82b ./Core/Src/at24c.o
 .debug_line    0x0000000000001087      0x7f8 ./Core/Src/button.o
 .debug_line    0x000000000000187f      0x768 ./Core/Src/dma.o
 .debug_line    0x0000000000001fe7      0x86d ./Core/Src/fsmc.o
 .debug_line    0x0000000000002854      0x7d5 ./Core/Src/gpio.o
 .debug_line    0x0000000000003029      0x7d6 ./Core/Src/i2c.o
 .debug_line    0x00000000000037ff      0xffa ./Core/Src/lcd.o
 .debug_line    0x00000000000047f9      0x865 ./Core/Src/led_7seg.o
 .debug_line    0x000000000000505e      0xbed ./Core/Src/main.o
 .debug_line    0x0000000000005c4b      0x880 ./Core/Src/software_timer.o
 .debug_line    0x00000000000064cb      0x7de ./Core/Src/spi.o
 .debug_line    0x0000000000006ca9      0x76d ./Core/Src/stm32f4xx_hal_msp.o
 .debug_line    0x0000000000007416      0x85f ./Core/Src/stm32f4xx_it.o
 .debug_line    0x0000000000007c75      0x7ee ./Core/Src/system_stm32f4xx.o
 .debug_line    0x0000000000008463      0x8ed ./Core/Src/tim.o
 .debug_line    0x0000000000008d50     0x10cf ./Core/Src/touch.o
 .debug_line    0x0000000000009e1f       0x88 ./Core/Startup/startup_stm32f407zetx.o
 .debug_line    0x0000000000009ea7      0xa54 ./Drivers/STM32F4xx_HAL_Driver/Src/stm32f4xx_hal.o
 .debug_line    0x000000000000a8fb     0x12de ./Drivers/STM32F4xx_HAL_Driver/Src/stm32f4xx_hal_adc.o
 .debug_line    0x000000000000bbd9      0xd03 ./Drivers/STM32F4xx_HAL_Driver/Src/stm32f4xx_hal_cortex.o
 .debug_line    0x000000000000c8dc      0xfb9 ./Drivers/STM32F4xx_HAL_Driver/Src/stm32f4xx_hal_dma.o
 .debug_line    0x000000000000d895      0xbca ./Drivers/STM32F4xx_HAL_Driver/Src/stm32f4xx_hal_gpio.o
 .debug_line    0x000000000000e45f     0x3a00 ./Drivers/STM32F4xx_HAL_Driver/Src/stm32f4xx_hal_i2c.o
 .debug_line    0x0000000000011e5f      0xdd0 ./Drivers/STM32F4xx_HAL_Driver/Src/stm32f4xx_hal_rcc.o
 .debug_line    0x0000000000012c2f     0x1cdc ./Drivers/STM32F4xx_HAL_Driver/Src/stm32f4xx_hal_spi.o
 .debug_line    0x000000000001490b      0xbf6 ./Drivers/STM32F4xx_HAL_Driver/Src/stm32f4xx_hal_sram.o
 .debug_line    0x0000000000015501     0x3748 ./Drivers/STM32F4xx_HAL_Driver/Src/stm32f4xx_hal_tim.o
 .debug_line    0x0000000000018c49     0x1a51 ./Drivers/STM32F4xx_HAL_Driver/Src/stm32f4xx_hal_tim_ex.o
 .debug_line    0x000000000001a69a      0xc09 ./Drivers/STM32F4xx_HAL_Driver/Src/stm32f4xx_ll_fsmc.o

.debug_str      0x0000000000000000    0xddf85
 .debug_str     0x0000000000000000    0xd3f1d ./Core/Src/adc.o
                                      0xd4255 (size before relaxing)
 .debug_str     0x00000000000d3f1d      0x3b8 ./Core/Src/at24c.o
                                      0xd427c (size before relaxing)
 .debug_str     0x00000000000d42d5      0x22b ./Core/Src/button.o
                                      0xd4131 (size before relaxing)
 .debug_str     0x00000000000d4500      0x4fa ./Core/Src/dma.o
                                      0xd425a (size before relaxing)
 .debug_str     0x00000000000d49fa      0x287 ./Core/Src/fsmc.o
                                      0xd432e (size before relaxing)
 .debug_str     0x00000000000d4c81       0x3c ./Core/Src/gpio.o
                                      0xd3e0c (size before relaxing)
 .debug_str     0x00000000000d4cbd       0x4b ./Core/Src/i2c.o
                                      0xd430c (size before relaxing)
 .debug_str     0x00000000000d4d08     0x3715 ./Core/Src/lcd.o
                                      0xd7460 (size before relaxing)
 .debug_str     0x00000000000d841d       0x98 ./Core/Src/led_7seg.o
                                      0xd416d (size before relaxing)
 .debug_str     0x00000000000d84b5     0x154a ./Core/Src/main.o
                                      0xd92fe (size before relaxing)
 .debug_str     0x00000000000d99ff       0xc6 ./Core/Src/software_timer.o
                                      0xd448a (size before relaxing)
 .debug_str     0x00000000000d9ac5       0x4b ./Core/Src/spi.o
                                      0xd4269 (size before relaxing)
 .debug_str     0x00000000000d9b10       0x2c ./Core/Src/stm32f4xx_hal_msp.o
                                      0xd3d6f (size before relaxing)
 .debug_str     0x00000000000d9b3c       0xe5 ./Core/Src/stm32f4xx_it.o
                                      0xd4256 (size before relaxing)
 .debug_str     0x00000000000d9c21       0xaf ./Core/Src/system_stm32f4xx.o
                                      0xd3ae5 (size before relaxing)
 .debug_str     0x00000000000d9cd0      0x186 ./Core/Src/tim.o
                                      0xd49b3 (size before relaxing)
 .debug_str     0x00000000000d9e56      0x975 ./Core/Src/touch.o
                                      0xd9605 (size before relaxing)
 .debug_str     0x00000000000da7cb       0x36 ./Core/Startup/startup_stm32f407zetx.o
                                         0x5c (size before relaxing)
 .debug_str     0x00000000000da801      0x583 ./Drivers/STM32F4xx_HAL_Driver/Src/stm32f4xx_hal.o
                                      0xd45c7 (size before relaxing)
 .debug_str     0x00000000000dad84      0x29a ./Drivers/STM32F4xx_HAL_Driver/Src/stm32f4xx_hal_adc.o
                                      0xd4091 (size before relaxing)
 .debug_str     0x00000000000db01e      0x392 ./Drivers/STM32F4xx_HAL_Driver/Src/stm32f4xx_hal_cortex.o
                                      0xd43b6 (size before relaxing)
 .debug_str     0x00000000000db3b0      0x315 ./Drivers/STM32F4xx_HAL_Driver/Src/stm32f4xx_hal_dma.o
                                      0xd3f0f (size before relaxing)
 .debug_str     0x00000000000db6c5      0x15a ./Drivers/STM32F4xx_HAL_Driver/Src/stm32f4xx_hal_gpio.o
                                      0xd3c8c (size before relaxing)
 .debug_str     0x00000000000db81f      0xab3 ./Drivers/STM32F4xx_HAL_Driver/Src/stm32f4xx_hal_i2c.o
                                      0xd4a67 (size before relaxing)
 .debug_str     0x00000000000dc2d2      0x24e ./Drivers/STM32F4xx_HAL_Driver/Src/stm32f4xx_hal_rcc.o
                                      0xd3ee7 (size before relaxing)
 .debug_str     0x00000000000dc520      0x564 ./Drivers/STM32F4xx_HAL_Driver/Src/stm32f4xx_hal_spi.o
                                      0xd4389 (size before relaxing)
 .debug_str     0x00000000000dca84      0x1b4 ./Drivers/STM32F4xx_HAL_Driver/Src/stm32f4xx_hal_sram.o
                                      0xd3fff (size before relaxing)
 .debug_str     0x00000000000dcc38      0xd5a ./Drivers/STM32F4xx_HAL_Driver/Src/stm32f4xx_hal_tim.o
                                      0xd4e14 (size before relaxing)
 .debug_str     0x00000000000dd992      0x4ee ./Drivers/STM32F4xx_HAL_Driver/Src/stm32f4xx_hal_tim_ex.o
                                      0xd45c5 (size before relaxing)
 .debug_str     0x00000000000dde80      0x105 ./Drivers/STM32F4xx_HAL_Driver/Src/stm32f4xx_ll_fsmc.o
                                      0xd3ec6 (size before relaxing)

.comment        0x0000000000000000       0x53
 .comment       0x0000000000000000       0x53 ./Core/Src/adc.o
                                         0x54 (size before relaxing)
 .comment       0x0000000000000053       0x54 ./Core/Src/at24c.o
 .comment       0x0000000000000053       0x54 ./Core/Src/button.o
 .comment       0x0000000000000053       0x54 ./Core/Src/dma.o
 .comment       0x0000000000000053       0x54 ./Core/Src/fsmc.o
 .comment       0x0000000000000053       0x54 ./Core/Src/gpio.o
 .comment       0x0000000000000053       0x54 ./Core/Src/i2c.o
 .comment       0x0000000000000053       0x54 ./Core/Src/lcd.o
 .comment       0x0000000000000053       0x54 ./Core/Src/led_7seg.o
 .comment       0x0000000000000053       0x54 ./Core/Src/main.o
 .comment       0x0000000000000053       0x54 ./Core/Src/software_timer.o
 .comment       0x0000000000000053       0x54 ./Core/Src/spi.o
 .comment       0x0000000000000053       0x54 ./Core/Src/stm32f4xx_hal_msp.o
 .comment       0x0000000000000053       0x54 ./Core/Src/stm32f4xx_it.o
 .comment       0x0000000000000053       0x54 ./Core/Src/system_stm32f4xx.o
 .comment       0x0000000000000053       0x54 ./Core/Src/tim.o
 .comment       0x0000000000000053       0x54 ./Core/Src/touch.o
 .comment       0x0000000000000053       0x54 ./Drivers/STM32F4xx_HAL_Driver/Src/stm32f4xx_hal.o
 .comment       0x0000000000000053       0x54 ./Drivers/STM32F4xx_HAL_Driver/Src/stm32f4xx_hal_adc.o
 .comment       0x0000000000000053       0x54 ./Drivers/STM32F4xx_HAL_Driver/Src/stm32f4xx_hal_cortex.o
 .comment       0x0000000000000053       0x54 ./Drivers/STM32F4xx_HAL_Driver/Src/stm32f4xx_hal_dma.o
 .comment       0x0000000000000053       0x54 ./Drivers/STM32F4xx_HAL_Driver/Src/stm32f4xx_hal_gpio.o
 .comment       0x0000000000000053       0x54 ./Drivers/STM32F4xx_HAL_Driver/Src/stm32f4xx_hal_i2c.o
 .comment       0x0000000000000053       0x54 ./Drivers/STM32F4xx_HAL_Driver/Src/stm32f4xx_hal_rcc.o
 .comment       0x0000000000000053       0x54 ./Drivers/STM32F4xx_HAL_Driver/Src/stm32f4xx_hal_spi.o
 .comment       0x0000000000000053       0x54 ./Drivers/STM32F4xx_HAL_Driver/Src/stm32f4xx_hal_sram.o
 .comment       0x0000000000000053       0x54 ./Drivers/STM32F4xx_HAL_Driver/Src/stm32f4xx_hal_tim.o
 .comment       0x0000000000000053       0x54 ./Drivers/STM32F4xx_HAL_Driver/Src/stm32f4xx_hal_tim_ex.o
 .comment       0x0000000000000053       0x54 ./Drivers/STM32F4xx_HAL_Driver/Src/stm32f4xx_ll_fsmc.o

.debug_frame    0x0000000000000000     0x55dc
 .debug_frame   0x0000000000000000       0x7c ./Core/Src/adc.o
 .debug_frame   0x000000000000007c       0xe4 ./Core/Src/at24c.o
 .debug_frame   0x0000000000000160       0x50 ./Core/Src/button.o
 .debug_frame   0x00000000000001b0       0x34 ./Core/Src/dma.o
 .debug_frame   0x00000000000001e4       0xbc ./Core/Src/fsmc.o
 .debug_frame   0x00000000000002a0       0x38 ./Core/Src/gpio.o
 .debug_frame   0x00000000000002d8       0x74 ./Core/Src/i2c.o
 .debug_frame   0x000000000000034c      0x394 ./Core/Src/lcd.o
 .debug_frame   0x00000000000006e0       0xe8 ./Core/Src/led_7seg.o
 .debug_frame   0x00000000000007c8       0xe4 ./Core/Src/main.o
 .debug_frame   0x00000000000008ac       0xe4 ./Core/Src/software_timer.o
 .debug_frame   0x0000000000000990       0x74 ./Core/Src/spi.o
 .debug_frame   0x0000000000000a04       0x38 ./Core/Src/stm32f4xx_hal_msp.o
 .debug_frame   0x0000000000000a3c      0x13c ./Core/Src/stm32f4xx_it.o
 .debug_frame   0x0000000000000b78       0x58 ./Core/Src/system_stm32f4xx.o
 .debug_frame   0x0000000000000bd0       0xe8 ./Core/Src/tim.o
 .debug_frame   0x0000000000000cb8      0x25c ./Core/Src/touch.o
 .debug_frame   0x0000000000000f14      0x374 ./Drivers/STM32F4xx_HAL_Driver/Src/stm32f4xx_hal.o
 .debug_frame   0x0000000000001288      0x3fc ./Drivers/STM32F4xx_HAL_Driver/Src/stm32f4xx_hal_adc.o
 .debug_frame   0x0000000000001684      0x498 ./Drivers/STM32F4xx_HAL_Driver/Src/stm32f4xx_hal_cortex.o
 .debug_frame   0x0000000000001b1c      0x250 ./Drivers/STM32F4xx_HAL_Driver/Src/stm32f4xx_hal_dma.o
 .debug_frame   0x0000000000001d6c      0x14c ./Drivers/STM32F4xx_HAL_Driver/Src/stm32f4xx_hal_gpio.o
 .debug_frame   0x0000000000001eb8      0xc5c ./Drivers/STM32F4xx_HAL_Driver/Src/stm32f4xx_hal_i2c.o
 .debug_frame   0x0000000000002b14      0x1f0 ./Drivers/STM32F4xx_HAL_Driver/Src/stm32f4xx_hal_rcc.o
 .debug_frame   0x0000000000002d04      0x824 ./Drivers/STM32F4xx_HAL_Driver/Src/stm32f4xx_hal_spi.o
 .debug_frame   0x0000000000003528      0x2a0 ./Drivers/STM32F4xx_HAL_Driver/Src/stm32f4xx_hal_sram.o
 .debug_frame   0x00000000000037c8     0x11c4 ./Drivers/STM32F4xx_HAL_Driver/Src/stm32f4xx_hal_tim.o
 .debug_frame   0x000000000000498c      0x638 ./Drivers/STM32F4xx_HAL_Driver/Src/stm32f4xx_hal_tim_ex.o
 .debug_frame   0x0000000000004fc4      0x2dc ./Drivers/STM32F4xx_HAL_Driver/Src/stm32f4xx_ll_fsmc.o